2025/08/08 15:52:17 test.go:57: 生成的 Prompt:
 &{[b.WriteString("请根据以下输入题目及其解答内容，将完整的解答过程拆分为多个“短链”，每个“短链”包含以下三个要素：\n") if (in.Question!="") {     b.WriteString("你好\n") } else {     b.WriteString("siuehfebn\n") } b.WriteString("条件，知识点，结果\n") b.WriteString("题目：\n") b.WriteString(in.Question) b.WriteString("过程：\n") for i := range in.Process {     b.WriteString(in.Process[i]) } switch in.Process[0] { case "a":     b.WriteString("你好\n") case "b":     b.WriteString("你好2\n") default:     b.WriteString("你好3\n") } b.WriteString("请将输出内容严格按照以下格式返回：\n")     b.WriteString("```json\n")
    b.WriteString("[\n")
    b.WriteString("  {\n")
    b.WriteString("  }\n")
    b.WriteString("]\n")
    b.WriteString("```\n")
 b.WriteString("特别提醒：本题可能涉及 extra_hint，请根据步骤合理提取对应知识点。\n")] [b.WriteString("你是一个擅长拆分解题步骤的数学老师\n") if (in.Question=="") {     b.WriteString("当前任务是将解题步骤进行合理拆分\n") } else {     b.WriteString("当前任务是将解题步骤进行合理拆分2\n") }]}
2025/08/08 15:52:17 test.go:68: 执行 go build 失败: exit status 1
2025/08/08 15:52:26 test.go:57: 生成的 Prompt:
 &{[b.WriteString("请根据以下输入题目及其解答内容，将完整的解答过程拆分为多个“短链”，每个“短链”包含以下三个要素：\n") if (in.Question!="") {     b.WriteString("你好\n") } else {     b.WriteString("siuehfebn\n") } b.WriteString("条件，知识点，结果\n") b.WriteString("题目：\n") b.WriteString(in.Question) b.WriteString("过程：\n") for i := range in.Process {     b.WriteString(in.Process[i]) } switch in.Process[0] { case "a":     b.WriteString("你好\n") case "b":     b.WriteString("你好2\n") default:     b.WriteString("你好3\n") } b.WriteString("请将输出内容严格按照以下格式返回：\n")     b.WriteString("```json\n")
    b.WriteString("[\n")
    b.WriteString("  {\n")
    b.WriteString("  }\n")
    b.WriteString("]\n")
    b.WriteString("```\n")
 b.WriteString("特别提醒：本题可能涉及 extra_hint，请根据步骤合理提取对应知识点。\n")] [b.WriteString("你是一个擅长拆分解题步骤的数学老师\n") if (in.Question=="") {     b.WriteString("当前任务是将解题步骤进行合理拆分\n") } else {     b.WriteString("当前任务是将解题步骤进行合理拆分2\n") }]}
2025/08/08 15:52:26 test.go:68: 执行 go build 失败: exit status 1
2025/08/08 15:59:26 test.go:57: 生成的 Prompt:
 &{[b.WriteString("请根据以下输入题目及其解答内容，将完整的解答过程拆分为多个“短链”，每个“短链”包含以下三个要素：\n") if (in.Question!="") {     b.WriteString("你好\n") } else {     b.WriteString("siuehfebn\n") } b.WriteString("条件，知识点，结果\n") b.WriteString("题目：\n") b.WriteString(in.Question) b.WriteString("过程：\n") for i := range in.Process {     b.WriteString(in.Process[i]) } switch in.Process[0] { case "a":     b.WriteString("你好\n") case "b":     b.WriteString("你好2\n") default:     b.WriteString("你好3\n") } b.WriteString("请将输出内容严格按照以下格式返回：\n")     b.WriteString("```json\n")
    b.WriteString("[\n")
    b.WriteString("  {\n")
    b.WriteString("  }\n")
    b.WriteString("]\n")
    b.WriteString("```\n")
 b.WriteString("特别提醒：本题可能涉及 extra_hint，请根据步骤合理提取对应知识点。\n")] [b.WriteString("你是一个擅长拆分解题步骤的数学老师\n") if (in.Question=="") {     b.WriteString("当前任务是将解题步骤进行合理拆分\n") } else {     b.WriteString("当前任务是将解题步骤进行合理拆分2\n") }]}
2025/08/08 15:59:26 test.go:68: 执行 go build 失败: exit status 1
2025/08/08 16:00:18 test.go:57: 生成的 Prompt:
 &{[b.WriteString("请根据以下输入题目及其解答内容，将完整的解答过程拆分为多个“短链”，每个“短链”包含以下三个要素：\n") if (in.Question!="") {     b.WriteString("你好\n") } else {     b.WriteString("siuehfebn\n") } b.WriteString("条件，知识点，结果\n") b.WriteString("题目：\n") b.WriteString(in.Question) b.WriteString("过程：\n") for i := range in.Process {     b.WriteString(in.Process[i]) } switch in.Process[0] { case "a":     b.WriteString("你好\n") case "b":     b.WriteString("你好2\n") default:     b.WriteString("你好3\n") } b.WriteString("请将输出内容严格按照以下格式返回：\n")     b.WriteString("```json\n")
    b.WriteString("[\n")
    b.WriteString("  {\n")
    b.WriteString("  }\n")
    b.WriteString("]\n")
    b.WriteString("```\n")
 b.WriteString("特别提醒：本题可能涉及 extra_hint，请根据步骤合理提取对应知识点。\n")] [b.WriteString("你是一个擅长拆分解题步骤的数学老师\n") if (in.Question=="") {     b.WriteString("当前任务是将解题步骤进行合理拆分\n") } else {     b.WriteString("当前任务是将解题步骤进行合理拆分2\n") }]}
2025/08/08 16:00:18 test.go:68: 执行 go build 失败: exit status 1
2025/08/08 16:01:09 test.go:57: 生成的 Prompt:
 &{[b.WriteString("请根据以下输入题目及其解答内容，将完整的解答过程拆分为多个“短链”，每个“短链”包含以下三个要素：\n") if (in.Question!="") {     b.WriteString("你好\n") } else {     b.WriteString("siuehfebn\n") } b.WriteString("条件，知识点，结果\n") b.WriteString("题目：\n") b.WriteString(in.Question) b.WriteString("过程：\n") for i := range in.Process {     b.WriteString(in.Process[i]) } switch in.Process[0] { case "a":     b.WriteString("你好\n") case "b":     b.WriteString("你好2\n") default:     b.WriteString("你好3\n") } b.WriteString("请将输出内容严格按照以下格式返回：\n")     b.WriteString("```json\n")
    b.WriteString("[\n")
    b.WriteString("  {\n")
    b.WriteString("  }\n")
    b.WriteString("]\n")
    b.WriteString("```\n")
 b.WriteString("特别提醒：本题可能涉及 extra_hint，请根据步骤合理提取对应知识点。\n")] [b.WriteString("你是一个擅长拆分解题步骤的数学老师\n") if (in.Question=="") {     b.WriteString("当前任务是将解题步骤进行合理拆分\n") } else {     b.WriteString("当前任务是将解题步骤进行合理拆分2\n") }]}
2025/08/08 16:01:09 test.go:68: 执行 go build 失败: exit status 1
2025/08/08 16:01:48 test.go:57: 生成的 Prompt:
 &{[b.WriteString("请根据以下输入题目及其解答内容，将完整的解答过程拆分为多个“短链”，每个“短链”包含以下三个要素：\n") if (in.Question!="") {     b.WriteString("你好\n") } else {     b.WriteString("siuehfebn\n") } b.WriteString("条件，知识点，结果\n") b.WriteString("题目：\n") b.WriteString(in.Question) b.WriteString("过程：\n") for i := range in.Process {     b.WriteString(in.Process[i]) } switch in.Process[0] { case "a":     b.WriteString("你好\n") case "b":     b.WriteString("你好2\n") default:     b.WriteString("你好3\n") } b.WriteString("请将输出内容严格按照以下格式返回：\n")     b.WriteString("```json\n")
    b.WriteString("[\n")
    b.WriteString("  {\n")
    b.WriteString("  }\n")
    b.WriteString("]\n")
    b.WriteString("```\n")
 b.WriteString("特别提醒：本题可能涉及 extra_hint，请根据步骤合理提取对应知识点。\n")] [b.WriteString("你是一个擅长拆分解题步骤的数学老师\n") if (in.Question=="") {     b.WriteString("当前任务是将解题步骤进行合理拆分\n") } else {     b.WriteString("当前任务是将解题步骤进行合理拆分2\n") }]}
2025/08/08 16:01:48 test.go:68: 执行 go build 失败: exit status 1
2025/08/08 16:02:01 test.go:57: 生成的 Prompt:
 &{[b.WriteString("请根据以下输入题目及其解答内容，将完整的解答过程拆分为多个“短链”，每个“短链”包含以下三个要素：\n") if (in.Question!="") {     b.WriteString("你好\n") } else {     b.WriteString("siuehfebn\n") } b.WriteString("条件，知识点，结果\n") b.WriteString("题目：\n") b.WriteString(in.Question) b.WriteString("过程：\n") for i := range in.Process {     b.WriteString(in.Process[i]) } switch in.Process[0] { case "a":     b.WriteString("你好\n") case "b":     b.WriteString("你好2\n") default:     b.WriteString("你好3\n") } b.WriteString("请将输出内容严格按照以下格式返回：\n")     b.WriteString("```json\n")
    b.WriteString("[\n")
    b.WriteString("  {\n")
    b.WriteString("  }\n")
    b.WriteString("]\n")
    b.WriteString("```\n")
 b.WriteString("特别提醒：本题可能涉及 extra_hint，请根据步骤合理提取对应知识点。\n")] [b.WriteString("你是一个擅长拆分解题步骤的数学老师\n") if (in.Question=="") {     b.WriteString("当前任务是将解题步骤进行合理拆分\n") } else {     b.WriteString("当前任务是将解题步骤进行合理拆分2\n") }]}
2025/08/08 16:02:01 test.go:68: 执行 go build 失败: exit status 1
2025/08/08 16:02:59 test.go:57: 生成的 Prompt:
 &{[b.WriteString("请根据以下输入题目及其解答内容，将完整的解答过程拆分为多个“短链”，每个“短链”包含以下三个要素：\n") if (in.Question!="") {     b.WriteString("你好\n") } else {     b.WriteString("siuehfebn\n") } b.WriteString("条件，知识点，结果\n") b.WriteString("题目：\n") b.WriteString(in.Question) b.WriteString("过程：\n") for i := range in.Process {     b.WriteString(in.Process[i]) } switch in.Process[0] { case "a":     b.WriteString("你好\n") case "b":     b.WriteString("你好2\n") default:     b.WriteString("你好3\n") } b.WriteString("请将输出内容严格按照以下格式返回：\n")     b.WriteString("```json\n")
    b.WriteString("[\n")
    b.WriteString("  {\n")
    b.WriteString("  }\n")
    b.WriteString("]\n")
    b.WriteString("```\n")
 b.WriteString("特别提醒：本题可能涉及 extra_hint，请根据步骤合理提取对应知识点。\n")] [b.WriteString("你是一个擅长拆分解题步骤的数学老师\n") if (in.Question=="") {     b.WriteString("当前任务是将解题步骤进行合理拆分\n") } else {     b.WriteString("当前任务是将解题步骤进行合理拆分2\n") }]}
2025/08/08 16:02:59 test.go:68: 执行 go build 失败: exit status 1
2025/08/08 16:03:16 test.go:57: 生成的 Prompt:
 &{[b.WriteString("请根据以下输入题目及其解答内容，将完整的解答过程拆分为多个“短链”，每个“短链”包含以下三个要素：\n") if (in.Question!="") {     b.WriteString("你好\n") } else {     b.WriteString("siuehfebn\n") } b.WriteString("条件，知识点，结果\n") b.WriteString("题目：\n") b.WriteString(in.Question) b.WriteString("过程：\n") for i := range in.Process {     b.WriteString(in.Process[i]) } switch in.Process[0] { case "a":     b.WriteString("你好\n") case "b":     b.WriteString("你好2\n") default:     b.WriteString("你好3\n") } b.WriteString("请将输出内容严格按照以下格式返回：\n")     b.WriteString("```json\n")
    b.WriteString("[\n")
    b.WriteString("  {\n")
    b.WriteString("  }\n")
    b.WriteString("]\n")
    b.WriteString("```\n")
 b.WriteString("特别提醒：本题可能涉及 extra_hint，请根据步骤合理提取对应知识点。\n")] [b.WriteString("你是一个擅长拆分解题步骤的数学老师\n") if (in.Question=="") {     b.WriteString("当前任务是将解题步骤进行合理拆分\n") } else {     b.WriteString("当前任务是将解题步骤进行合理拆分2\n") }]}
2025/08/08 16:03:16 test.go:68: 执行 go build 失败: exit status 1
2025/08/08 16:04:11 test.go:57: 生成的 Prompt:
 &{[b.WriteString("请根据以下输入题目及其解答内容，将完整的解答过程拆分为多个“短链”，每个“短链”包含以下三个要素：\n") if (in.Question!="") {     b.WriteString("你好\n") } else {     b.WriteString("siuehfebn\n") } b.WriteString("条件，知识点，结果\n") b.WriteString("题目：\n") b.WriteString(in.Question) b.WriteString("过程：\n") for i := range in.Process {     b.WriteString(in.Process[i]) } switch in.Process[0] { case "a":     b.WriteString("你好\n") case "b":     b.WriteString("你好2\n") default:     b.WriteString("你好3\n") } b.WriteString("请将输出内容严格按照以下格式返回：\n")     b.WriteString("```json\n")
    b.WriteString("[\n")
    b.WriteString("  {\n")
    b.WriteString("  }\n")
    b.WriteString("]\n")
    b.WriteString("```\n")
 b.WriteString("特别提醒：本题可能涉及 extra_hint，请根据步骤合理提取对应知识点。\n")] [b.WriteString("你是一个擅长拆分解题步骤的数学老师\n") if (in.Question=="") {     b.WriteString("当前任务是将解题步骤进行合理拆分\n") } else {     b.WriteString("当前任务是将解题步骤进行合理拆分2\n") }]}
2025/08/08 16:04:11 test.go:68: 执行 go build 失败: exit status 1
2025/08/08 16:04:28 test.go:57: 生成的 Prompt:
 &{[b.WriteString("请根据以下输入题目及其解答内容，将完整的解答过程拆分为多个“短链”，每个“短链”包含以下三个要素：\n") if (in.Question!="") {     b.WriteString("你好\n") } else {     b.WriteString("siuehfebn\n") } b.WriteString("条件，知识点，结果\n") b.WriteString("题目：\n") b.WriteString(in.Question) b.WriteString("过程：\n") for i := range in.Process {     b.WriteString(in.Process[i]) } switch in.Process[0] { case "a":     b.WriteString("你好\n") case "b":     b.WriteString("你好2\n") default:     b.WriteString("你好3\n") } b.WriteString("请将输出内容严格按照以下格式返回：\n")     b.WriteString("```json\n")
    b.WriteString("[\n")
    b.WriteString("  {\n")
    b.WriteString("  }\n")
    b.WriteString("]\n")
    b.WriteString("```\n")
 b.WriteString("特别提醒：本题可能涉及 extra_hint，请根据步骤合理提取对应知识点。\n")] [b.WriteString("你是一个擅长拆分解题步骤的数学老师\n") if (in.Question=="") {     b.WriteString("当前任务是将解题步骤进行合理拆分\n") } else {     b.WriteString("当前任务是将解题步骤进行合理拆分2\n") }]}
2025/08/08 16:04:28 test.go:68: 执行 go build 失败: exit status 1
2025/08/08 16:05:02 test.go:57: 生成的 Prompt:
 &{[b.WriteString("请根据以下输入题目及其解答内容，将完整的解答过程拆分为多个“短链”，每个“短链”包含以下三个要素：\n") if (in.Question!="") {     b.WriteString("你好\n") } else {     b.WriteString("siuehfebn\n") } b.WriteString("条件，知识点，结果\n") b.WriteString("题目：\n") b.WriteString(in.Question) b.WriteString("过程：\n") for i := range in.Process {     b.WriteString(in.Process[i]) } switch in.Process[0] { case "a":     b.WriteString("你好\n") case "b":     b.WriteString("你好2\n") default:     b.WriteString("你好3\n") } b.WriteString("请将输出内容严格按照以下格式返回：\n")     b.WriteString("```json\n")
    b.WriteString("[\n")
    b.WriteString("  {\n")
    b.WriteString("  }\n")
    b.WriteString("]\n")
    b.WriteString("```\n")
 b.WriteString("特别提醒：本题可能涉及 extra_hint，请根据步骤合理提取对应知识点。\n")] [b.WriteString("你是一个擅长拆分解题步骤的数学老师\n") if (in.Question=="") {     b.WriteString("当前任务是将解题步骤进行合理拆分\n") } else {     b.WriteString("当前任务是将解题步骤进行合理拆分2\n") }]}
2025/08/08 16:05:02 test.go:68: 执行 go build 失败: exit status 1
2025/08/08 16:05:23 test.go:57: 生成的 Prompt:
 &{[b.WriteString("请根据以下输入题目及其解答内容，将完整的解答过程拆分为多个“短链”，每个“短链”包含以下三个要素：\n") if (in.Question!="") {     b.WriteString("你好\n") } else {     b.WriteString("siuehfebn\n") } b.WriteString("条件，知识点，结果\n") b.WriteString("题目：\n") b.WriteString(in.Question) b.WriteString("过程：\n") for i := range in.Process {     b.WriteString(in.Process[i]) } switch in.Process[0] { case "a":     b.WriteString("你好\n") case "b":     b.WriteString("你好2\n") default:     b.WriteString("你好3\n") } b.WriteString("请将输出内容严格按照以下格式返回：\n")     b.WriteString("```json\n")
    b.WriteString("[\n")
    b.WriteString("  {\n")
    b.WriteString("  }\n")
    b.WriteString("]\n")
    b.WriteString("```\n")
 b.WriteString("特别提醒：本题可能涉及 extra_hint，请根据步骤合理提取对应知识点。\n")] [b.WriteString("你是一个擅长拆分解题步骤的数学老师\n") if (in.Question=="") {     b.WriteString("当前任务是将解题步骤进行合理拆分\n") } else {     b.WriteString("当前任务是将解题步骤进行合理拆分2\n") }]}
2025/08/08 16:05:23 test.go:68: 执行 go build 失败: exit status 1
2025/08/08 16:06:54 test.go:57: 生成的 Prompt:
 &{[b.WriteString("请根据以下输入题目及其解答内容，将完整的解答过程拆分为多个“短链”，每个“短链”包含以下三个要素：\n") if (in.Question!="") {     b.WriteString("你好\n") } else {     b.WriteString("siuehfebn\n") } b.WriteString("条件，知识点，结果\n") b.WriteString("题目：\n") b.WriteString(in.Question) b.WriteString("过程：\n") for i := range in.Process {     b.WriteString(in.Process[i]) } switch in.Process[0] { case "a":     b.WriteString("你好\n") case "b":     b.WriteString("你好2\n") default:     b.WriteString("你好3\n") } b.WriteString("请将输出内容严格按照以下格式返回：\n")     b.WriteString("```json\n")
    b.WriteString("[\n")
    b.WriteString("  {\n")
    b.WriteString("  }\n")
    b.WriteString("]\n")
    b.WriteString("```\n")
 b.WriteString("特别提醒：本题可能涉及 extra_hint，请根据步骤合理提取对应知识点。\n")] [b.WriteString("你是一个擅长拆分解题步骤的数学老师\n") if (in.Question=="") {     b.WriteString("当前任务是将解题步骤进行合理拆分\n") } else {     b.WriteString("当前任务是将解题步骤进行合理拆分2\n") }]}
2025/08/08 16:06:54 test.go:68: 执行 go build 失败: exit status 1
2025/08/08 16:07:10 test.go:57: 生成的 Prompt:
 &{[b.WriteString("请根据以下输入题目及其解答内容，将完整的解答过程拆分为多个“短链”，每个“短链”包含以下三个要素：\n") if (in.Question!="") {     b.WriteString("你好\n") } else {     b.WriteString("siuehfebn\n") } b.WriteString("条件，知识点，结果\n") b.WriteString("题目：\n") b.WriteString(in.Question) b.WriteString("过程：\n") for i := range in.Process {     b.WriteString(in.Process[i]) } switch in.Process[0] { case "a":     b.WriteString("你好\n") case "b":     b.WriteString("你好2\n") default:     b.WriteString("你好3\n") } b.WriteString("请将输出内容严格按照以下格式返回：\n")     b.WriteString("```json\n")
    b.WriteString("[\n")
    b.WriteString("  {\n")
    b.WriteString("  }\n")
    b.WriteString("]\n")
    b.WriteString("```\n")
 b.WriteString("特别提醒：本题可能涉及 extra_hint，请根据步骤合理提取对应知识点。\n")] [b.WriteString("你是一个擅长拆分解题步骤的数学老师\n") if (in.Question=="") {     b.WriteString("当前任务是将解题步骤进行合理拆分\n") } else {     b.WriteString("当前任务是将解题步骤进行合理拆分2\n") }]}
2025/08/08 16:07:10 test.go:68: 执行 go build 失败: exit status 1
2025/08/08 16:10:39 test.go:57: 生成的 Prompt:
 &{[b.WriteString("请根据以下输入题目及其解答内容，将完整的解答过程拆分为多个“短链”，每个“短链”包含以下三个要素：\n") if (in.Question!="") {     b.WriteString("你好\n") } else {     b.WriteString("siuehfebn\n") } b.WriteString("条件，知识点，结果\n") b.WriteString("题目：\n") b.WriteString(in.Question) b.WriteString("过程：\n") for i := range in.Process {     b.WriteString(in.Process[i]) } switch in.Process[0] { case "a":     b.WriteString("你好\n") case "b":     b.WriteString("你好2\n") default:     b.WriteString("你好3\n") } b.WriteString("请将输出内容严格按照以下格式返回：\n")     b.WriteString("```json\n")
    b.WriteString("[\n")
    b.WriteString("  {\n")
    b.WriteString("  }\n")
    b.WriteString("]\n")
    b.WriteString("```\n")
 b.WriteString("特别提醒：本题可能涉及 extra_hint，请根据步骤合理提取对应知识点。\n")] [b.WriteString("你是一个擅长拆分解题步骤的数学老师\n") if (in.Question=="") {     b.WriteString("当前任务是将解题步骤进行合理拆分\n") } else {     b.WriteString("当前任务是将解题步骤进行合理拆分2\n") }]}
2025/08/08 16:10:39 test.go:68: 执行 go build 失败: exit status 1
2025/08/08 16:10:50 test.go:57: 生成的 Prompt:
 &{[b.WriteString("请根据以下输入题目及其解答内容，将完整的解答过程拆分为多个“短链”，每个“短链”包含以下三个要素：\n") if (in.Question!="") {     b.WriteString("你好\n") } else {     b.WriteString("siuehfebn\n") } b.WriteString("条件，知识点，结果\n") b.WriteString("题目：\n") b.WriteString(in.Question) b.WriteString("过程：\n") for i := range in.Process {     b.WriteString(in.Process[i]) } switch in.Process[0] { case "a":     b.WriteString("你好\n") case "b":     b.WriteString("你好2\n") default:     b.WriteString("你好3\n") } b.WriteString("请将输出内容严格按照以下格式返回：\n")     b.WriteString("```json\n")
    b.WriteString("[\n")
    b.WriteString("  {\n")
    b.WriteString("  }\n")
    b.WriteString("]\n")
    b.WriteString("```\n")
 b.WriteString("特别提醒：本题可能涉及 extra_hint，请根据步骤合理提取对应知识点。\n")] [b.WriteString("你是一个擅长拆分解题步骤的数学老师\n") if (in.Question=="") {     b.WriteString("当前任务是将解题步骤进行合理拆分\n") } else {     b.WriteString("当前任务是将解题步骤进行合理拆分2\n") }]}
2025/08/08 16:10:50 test.go:68: 执行 go build 失败: exit status 1
2025/08/08 16:12:04 test.go:57: 生成的 Prompt:
 &{[b.WriteString("请根据以下输入题目及其解答内容，将完整的解答过程拆分为多个“短链”，每个“短链”包含以下三个要素：\n") if (in.Question!="") {     b.WriteString("你好\n") } else {     b.WriteString("siuehfebn\n") } b.WriteString("条件，知识点，结果\n") b.WriteString("题目：\n") b.WriteString(in.Question) b.WriteString("过程：\n") for i := range in.Process {     b.WriteString(in.Process[i]) } switch in.Process[0] { case "a":     b.WriteString("你好\n") case "b":     b.WriteString("你好2\n") default:     b.WriteString("你好3\n") } b.WriteString("请将输出内容严格按照以下格式返回：\n")     b.WriteString("```json\n")
    b.WriteString("[\n")
    b.WriteString("  {\n")
    b.WriteString("  }\n")
    b.WriteString("]\n")
    b.WriteString("```\n")
 b.WriteString("特别提醒：本题可能涉及 extra_hint，请根据步骤合理提取对应知识点。\n")] [b.WriteString("你是一个擅长拆分解题步骤的数学老师\n") if (in.Question=="") {     b.WriteString("当前任务是将解题步骤进行合理拆分\n") } else {     b.WriteString("当前任务是将解题步骤进行合理拆分2\n") }]}
2025/08/08 16:12:04 test.go:68: 执行 go build 失败: exit status 1
2025/08/08 16:13:03 test.go:57: 生成的 Prompt:
 &{[b.WriteString("请根据以下输入题目及其解答内容，将完整的解答过程拆分为多个“短链”，每个“短链”包含以下三个要素：\n") if (in.Question!="") {     b.WriteString("你好\n") } else {     b.WriteString("siuehfebn\n") } b.WriteString("条件，知识点，结果\n") b.WriteString("题目：\n") b.WriteString(in.Question) b.WriteString("过程：\n") for i := range in.Process {     b.WriteString(in.Process[i]) } switch in.Process[0] { case "a":     b.WriteString("你好\n") case "b":     b.WriteString("你好2\n") default:     b.WriteString("你好3\n") } b.WriteString("请将输出内容严格按照以下格式返回：\n")     b.WriteString("```json\n")
    b.WriteString("[\n")
    b.WriteString("  {\n")
    b.WriteString("  }\n")
    b.WriteString("]\n")
    b.WriteString("```\n")
 b.WriteString("特别提醒：本题可能涉及 extra_hint，请根据步骤合理提取对应知识点。\n")] [b.WriteString("你是一个擅长拆分解题步骤的数学老师\n") if (in.Question=="") {     b.WriteString("当前任务是将解题步骤进行合理拆分\n") } else {     b.WriteString("当前任务是将解题步骤进行合理拆分2\n") }]}
2025/08/08 16:13:03 test.go:68: 执行 go build 失败: exit status 1
2025/08/08 16:14:48 test.go:57: 生成的 Prompt:
 &{[b.WriteString("请根据以下输入题目及其解答内容，将完整的解答过程拆分为多个“短链”，每个“短链”包含以下三个要素：\n") if (in.Question!="") {     b.WriteString("你好\n") } else {     b.WriteString("siuehfebn\n") } b.WriteString("条件，知识点，结果\n") b.WriteString("题目：\n") b.WriteString(in.Question) b.WriteString("过程：\n") for i := range in.Process {     b.WriteString(in.Process[i]) } switch in.Process[0] { case "a":     b.WriteString("你好\n") case "b":     b.WriteString("你好2\n") default:     b.WriteString("你好3\n") } b.WriteString("请将输出内容严格按照以下格式返回：\n")     b.WriteString("```json\n")
    b.WriteString("[\n")
    b.WriteString("  {\n")
    b.WriteString("    \"条件\": [\"\"]  // 严格遵守以下规定设计数学公式使用标准通用的latex格式,数学公式以美元符号包裹，$或$$与公式内容之间不允许有任何空格,\n")
    b.WriteString("    \"知识点\": \"\"  // 严格遵守以下规定设计数学公式使用标准通用的latex格式,数学公式以美元符号包裹，$或$$与公式内容之间不允许有任何空格,\n")
    b.WriteString("    \"过程\": \"\"  // 严格遵守以下规定设计数学公式使用标准通用的latex格式,数学公式以美元符号包裹，$或$$与公式内容之间不允许有任何空格\n")
    b.WriteString("  }\n")
    b.WriteString("]\n")
    b.WriteString("```\n")
 b.WriteString("特别提醒：本题可能涉及 extra_hint，请根据步骤合理提取对应知识点。\n")] [b.WriteString("你是一个擅长拆分解题步骤的数学老师\n") if (in.Question=="") {     b.WriteString("当前任务是将解题步骤进行合理拆分\n") } else {     b.WriteString("当前任务是将解题步骤进行合理拆分2\n") }]}
2025/08/08 16:14:48 test.go:68: 执行 go build 失败: exit status 1
2025/08/08 16:15:22 test.go:57: 生成的 Prompt:
 &{[b.WriteString("请根据以下输入题目及其解答内容，将完整的解答过程拆分为多个“短链”，每个“短链”包含以下三个要素：\n") if (in.Question!="") {     b.WriteString("你好\n") } else {     b.WriteString("siuehfebn\n") } b.WriteString("条件，知识点，结果\n") b.WriteString("题目：\n") b.WriteString(in.Question) b.WriteString("过程：\n") for i := range in.Process {     b.WriteString(in.Process[i]) } switch in.Process[0] { case "a":     b.WriteString("你好\n") case "b":     b.WriteString("你好2\n") default:     b.WriteString("你好3\n") } b.WriteString("请将输出内容严格按照以下格式返回：\n")     b.WriteString("```json\n")
    b.WriteString("[\n")
    b.WriteString("  {\n")
    b.WriteString("    \"条件\": [\"\"]  // 严格遵守以下规定设计数学公式使用标准通用的latex格式,数学公式以美元符号包裹，$或$$与公式内容之间不允许有任何空格,\n")
    b.WriteString("    \"知识点\": \"\"  // 严格遵守以下规定设计数学公式使用标准通用的latex格式,数学公式以美元符号包裹，$或$$与公式内容之间不允许有任何空格\n")
    b.WriteString("  }\n")
    b.WriteString("]\n")
    b.WriteString("```\n")
 b.WriteString("特别提醒：本题可能涉及 extra_hint，请根据步骤合理提取对应知识点。\n")] [b.WriteString("你是一个擅长拆分解题步骤的数学老师\n") if (in.Question=="") {     b.WriteString("当前任务是将解题步骤进行合理拆分\n") } else {     b.WriteString("当前任务是将解题步骤进行合理拆分2\n") }]}
2025/08/08 16:15:22 test.go:68: 执行 go build 失败: exit status 1
2025/08/08 16:15:50 test.go:57: 生成的 Prompt:
 &{[b.WriteString("请根据以下输入题目及其解答内容，将完整的解答过程拆分为多个“短链”，每个“短链”包含以下三个要素：\n") if (in.Question!="") {     b.WriteString("你好\n") } else {     b.WriteString("siuehfebn\n") } b.WriteString("条件，知识点，结果\n") b.WriteString("题目：\n") b.WriteString(in.Question) b.WriteString("过程：\n") for i := range in.Process {     b.WriteString(in.Process[i]) } switch in.Process[0] { case "a":     b.WriteString("你好\n") case "b":     b.WriteString("你好2\n") default:     b.WriteString("你好3\n") } b.WriteString("请将输出内容严格按照以下格式返回：\n")     b.WriteString("```json\n")
    b.WriteString("[\n")
    b.WriteString("  {\n")
    b.WriteString("    \"条件\": [\"\"]  // 严格遵守以下规定设计数学公式使用标准通用的latex格式,数学公式以美元符号包裹，$或$$与公式内容之间不允许有任何空格,\n")
    b.WriteString("    \"知识点\": \"\"  // 严格遵守以下规定设计数学公式使用标准通用的latex格式,数学公式以美元符号包裹，$或$$与公式内容之间不允许有任何空格,\n")
    b.WriteString("    \"过程\": \"\"  // 严格遵守以下规定设计数学公式使用标准通用的latex格式,数学公式以美元符号包裹，$或$$与公式内容之间不允许有任何空格\n")
    b.WriteString("  }\n")
    b.WriteString("]\n")
    b.WriteString("```\n")
 b.WriteString("特别提醒：本题可能涉及 extra_hint，请根据步骤合理提取对应知识点。\n")] [b.WriteString("你是一个擅长拆分解题步骤的数学老师\n") if (in.Question=="") {     b.WriteString("当前任务是将解题步骤进行合理拆分\n") } else {     b.WriteString("当前任务是将解题步骤进行合理拆分2\n") }]}
2025/08/08 16:15:50 test.go:68: 执行 go build 失败: exit status 1
2025/08/08 16:18:00 test.go:57: 生成的 Prompt:
 &{[b.WriteString("请根据以下输入题目及其解答内容，将完整的解答过程拆分为多个“短链”，每个“短链”包含以下三个要素：\n") if (in.Question!="") {     b.WriteString("你好\n") } else {     b.WriteString("siuehfebn\n") } b.WriteString("条件，知识点，结果\n") b.WriteString("题目：\n") b.WriteString(in.Question) b.WriteString("过程：\n") for i := range in.Process {     b.WriteString(in.Process[i]) } switch in.Process[0] { case "a":     b.WriteString("你好\n") case "b":     b.WriteString("你好2\n") default:     b.WriteString("你好3\n") } b.WriteString("请将输出内容严格按照以下格式返回：\n")     b.WriteString("```json\n")
    b.WriteString("[\n")
    b.WriteString("  {\n")
    b.WriteString("    \"知识点\": \"\"  // 严格遵守以下规定设计数学公式使用标准通用的latex格式,数学公式以美元符号包裹，$或$$与公式内容之间不允许有任何空格,\n")
    b.WriteString("    \"过程\": \"\"  // 严格遵守以下规定设计数学公式使用标准通用的latex格式,数学公式以美元符号包裹，$或$$与公式内容之间不允许有任何空格\n")
    b.WriteString("  }\n")
    b.WriteString("]\n")
    b.WriteString("```\n")
 b.WriteString("特别提醒：本题可能涉及 extra_hint，请根据步骤合理提取对应知识点。\n")] [b.WriteString("你是一个擅长拆分解题步骤的数学老师\n") if (in.Question=="") {     b.WriteString("当前任务是将解题步骤进行合理拆分\n") } else {     b.WriteString("当前任务是将解题步骤进行合理拆分2\n") }]}
2025/08/08 16:18:00 test.go:68: 执行 go build 失败: exit status 1
2025/08/08 16:20:34 test.go:57: 生成的 Prompt:
 &{[b.WriteString("请根据以下输入题目及其解答内容，将完整的解答过程拆分为多个“短链”，每个“短链”包含以下三个要素：\n") if (in.Question!="") {     b.WriteString("你好\n") } else {     b.WriteString("siuehfebn\n") } b.WriteString("条件，知识点，结果\n") b.WriteString("题目：\n") b.WriteString(in.Question) b.WriteString("过程：\n") for i := range in.Process {     b.WriteString(in.Process[i]) } switch in.Process[0] { case "a":     b.WriteString("你好\n") case "b":     b.WriteString("你好2\n") default:     b.WriteString("你好3\n") } b.WriteString("请将输出内容严格按照以下格式返回：\n")     b.WriteString("```json\n")
    b.WriteString("[\n")
    b.WriteString("  {\n")
    b.WriteString("    \"条件\": [\"\"]  // 严格遵守以下规定设计数学公式使用标准通用的latex格式,数学公式以美元符号包裹，$或$$与公式内容之间不允许有任何空格,\n")
    b.WriteString("    \"知识点\": \"\"  // 严格遵守以下规定设计数学公式使用标准通用的latex格式,数学公式以美元符号包裹，$或$$与公式内容之间不允许有任何空格,\n")
    b.WriteString("    \"过程\": \"\"  // 严格遵守以下规定设计数学公式使用标准通用的latex格式,数学公式以美元符号包裹，$或$$与公式内容之间不允许有任何空格\n")
    b.WriteString("  }\n")
    b.WriteString("]\n")
    b.WriteString("```\n")
 b.WriteString("特别提醒：本题可能涉及 extra_hint，请根据步骤合理提取对应知识点。\n")] [b.WriteString("你是一个擅长拆分解题步骤的数学老师\n") if (in.Question=="") {     b.WriteString("当前任务是将解题步骤进行合理拆分\n") } else {     b.WriteString("当前任务是将解题步骤进行合理拆分2\n") }]}
2025/08/08 16:20:34 test.go:68: 执行 go build 失败: exit status 1
2025/08/08 16:21:17 test.go:57: 生成的 Prompt:
 &{[b.WriteString("请根据以下输入题目及其解答内容，将完整的解答过程拆分为多个“短链”，每个“短链”包含以下三个要素：\n") if (in.Question!="") {     b.WriteString("你好\n") } else {     b.WriteString("siuehfebn\n") } b.WriteString("条件，知识点，结果\n") b.WriteString("题目：\n") b.WriteString(in.Question) b.WriteString("过程：\n") for i := range in.Process {     b.WriteString(in.Process[i]) } switch in.Process[0] { case "a":     b.WriteString("你好\n") case "b":     b.WriteString("你好2\n") default:     b.WriteString("你好3\n") } b.WriteString("请将输出内容严格按照以下格式返回：\n")     b.WriteString("```json\n")
    b.WriteString("[\n")
    b.WriteString("  {\n")
    b.WriteString("    \"条件\": [\"\"]  // 严格遵守以下规定设计数学公式使用标准通用的latex格式,数学公式以美元符号包裹，$或$$与公式内容之间不允许有任何空格,\n")
    b.WriteString("    \"KnowledgePoint\": \"\"  // 知识点,严格遵守以下规定设计数学公式使用标准通用的latex格式,数学公式以美元符号包裹，$或$$与公式内容之间不允许有任何空格,\n")
    b.WriteString("    \"ProcessResult\": \"\"  // 过程,严格遵守以下规定设计数学公式使用标准通用的latex格式,数学公式以美元符号包裹，$或$$与公式内容之间不允许有任何空格\n")
    b.WriteString("  }\n")
    b.WriteString("]\n")
    b.WriteString("```\n")
 b.WriteString("特别提醒：本题可能涉及 extra_hint，请根据步骤合理提取对应知识点。\n")] [b.WriteString("你是一个擅长拆分解题步骤的数学老师\n") if (in.Question=="") {     b.WriteString("当前任务是将解题步骤进行合理拆分\n") } else {     b.WriteString("当前任务是将解题步骤进行合理拆分2\n") }]}
2025/08/08 16:21:17 test.go:68: 执行 go build 失败: exit status 1
2025/08/08 16:22:40 test.go:57: 生成的 Prompt:
 &{[b.WriteString("请根据以下输入题目及其解答内容，将完整的解答过程拆分为多个“短链”，每个“短链”包含以下三个要素：\n") if (in.Question!="") {     b.WriteString("你好\n") } else {     b.WriteString("siuehfebn\n") } b.WriteString("条件，知识点，结果\n") b.WriteString("题目：\n") b.WriteString(in.Question) b.WriteString("过程：\n") for i := range in.Process {     b.WriteString(in.Process[i]) } switch in.Process[0] { case "a":     b.WriteString("你好\n") case "b":     b.WriteString("你好2\n") default:     b.WriteString("你好3\n") } b.WriteString("请将输出内容严格按照以下格式返回：\n")     b.WriteString("```json\n")
    b.WriteString("[\n")
    b.WriteString("  {\n")
    b.WriteString("    \"条件\": [\"\"]  // 严格遵守以下规定设计数学公式使用标准通用的latex格式,数学公式以美元符号包裹，$或$$与公式内容之间不允许有任何空格,\n")
    b.WriteString("    \"知识点\": \"\"  // 严格遵守以下规定设计数学公式使用标准通用的latex格式,数学公式以美元符号包裹，$或$$与公式内容之间不允许有任何空格,\n")
    b.WriteString("    \"过程\": \"\"  // 严格遵守以下规定设计数学公式使用标准通用的latex格式,数学公式以美元符号包裹，$或$$与公式内容之间不允许有任何空格\n")
    b.WriteString("  }\n")
    b.WriteString("]\n")
    b.WriteString("```\n")
 b.WriteString("特别提醒：本题可能涉及 extra_hint，请根据步骤合理提取对应知识点。\n")] [b.WriteString("你是一个擅长拆分解题步骤的数学老师\n") if (in.Question=="") {     b.WriteString("当前任务是将解题步骤进行合理拆分\n") } else {     b.WriteString("当前任务是将解题步骤进行合理拆分2\n") }]}
2025/08/08 16:22:40 test.go:68: 执行 go build 失败: exit status 1
2025/08/08 16:42:52 test.go:57: 生成的 Prompt:
 &{[b.WriteString("请根据以下输入题目及其解答内容，将完整的解答过程拆分为多个“短链”，每个“短链”包含以下三个要素：\n") if (in.Question!="") {     b.WriteString("你好\n") } else {     b.WriteString("siuehfebn\n") } b.WriteString("条件，知识点，结果\n") b.WriteString("题目：\n") b.WriteString(in.Question) b.WriteString("过程：\n") for i := range in.Process {     b.WriteString(in.Process[i]) } switch in.Process[0] { case "a":     b.WriteString("你好\n") case "b":     b.WriteString("你好2\n") default:     b.WriteString("你好3\n") } b.WriteString("请将输出内容严格按照以下格式返回：\n")     b.WriteString("```json\n")
    b.WriteString("[\n")
    b.WriteString("  {\n")
    b.WriteString("    \"条件\": [\"\"]  // 严格遵守以下规定设计数学公式使用标准通用的latex格式,数学公式以美元符号包裹，$或$$与公式内容之间不允许有任何空格,\n")
    b.WriteString("    \"知识点\": \"\"  // 严格遵守以下规定设计数学公式使用标准通用的latex格式,数学公式以美元符号包裹，$或$$与公式内容之间不允许有任何空格,\n")
    b.WriteString("    \"过程\": \"\"  // 严格遵守以下规定设计数学公式使用标准通用的latex格式,数学公式以美元符号包裹，$或$$与公式内容之间不允许有任何空格\n")
    b.WriteString("  }\n")
    b.WriteString("]\n")
    b.WriteString("```\n")
 b.WriteString("特别提醒：本题可能涉及 extra_hint，请根据步骤合理提取对应知识点。\n")] [b.WriteString("你是一个擅长拆分解题步骤的数学老师\n") if (in.Question=="") {     b.WriteString("当前任务是将解题步骤进行合理拆分\n") } else {     b.WriteString("当前任务是将解题步骤进行合理拆分2\n") }]}
2025/08/08 16:42:52 test.go:68: 执行 go build 失败: exit status 1
2025/08/08 16:44:31 test.go:57: 生成的 Prompt:
 &{[b.WriteString("请根据以下输入题目及其解答内容，将完整的解答过程拆分为多个“短链”，每个“短链”包含以下三个要素：\n") if (in.Question!="") {     b.WriteString("你好\n") } else {     b.WriteString("siuehfebn\n") } b.WriteString("条件，知识点，结果\n") b.WriteString("题目：\n") b.WriteString(in.Question) b.WriteString("过程：\n") for i := range in.Process {     b.WriteString(in.Process[i]) } switch in.Process[0] { case "a":     b.WriteString("你好\n") case "b":     b.WriteString("你好2\n") default:     b.WriteString("你好3\n") } b.WriteString("请将输出内容严格按照以下格式返回：\n")     b.WriteString("```json\n")
    b.WriteString("[\n")
    b.WriteString("  {\n")
    b.WriteString("    \"条件\": [\"\"]  // 严格遵守以下规定设计数学公式使用标准通用的latex格式,数学公式以美元符号包裹，$或$$与公式内容之间不允许有任何空格,\n")
    b.WriteString("    \"知识点\": \"\"  // 严格遵守以下规定设计数学公式使用标准通用的latex格式,数学公式以美元符号包裹，$或$$与公式内容之间不允许有任何空格,\n")
    b.WriteString("    \"过程\": \"\"  // 严格遵守以下规定设计数学公式使用标准通用的latex格式,数学公式以美元符号包裹，$或$$与公式内容之间不允许有任何空格\n")
    b.WriteString("  }\n")
    b.WriteString("]\n")
    b.WriteString("```\n")
 b.WriteString("特别提醒：本题可能涉及 extra_hint，请根据步骤合理提取对应知识点。\n")] [b.WriteString("你是一个擅长拆分解题步骤的数学老师\n") if (in.Question=="") {     b.WriteString("当前任务是将解题步骤进行合理拆分\n") } else {     b.WriteString("当前任务是将解题步骤进行合理拆分2\n") }]}
2025/08/08 16:44:31 test.go:68: 执行 go build 失败: exit status 1
2025/08/08 16:46:10 test.go:57: 生成的 Prompt:
 &{[b.WriteString("请根据以下输入题目及其解答内容，将完整的解答过程拆分为多个“短链”，每个“短链”包含以下三个要素：\n") if (in.Question!="") {     b.WriteString("你好\n") } else {     b.WriteString("siuehfebn\n") } b.WriteString("条件，知识点，结果\n") b.WriteString("题目：\n") b.WriteString(in.Question) b.WriteString("过程：\n") for i := range in.Process {     b.WriteString(in.Process[i]) } switch in.Process[0] { case "a":     b.WriteString("你好\n") case "b":     b.WriteString("你好2\n") default:     b.WriteString("你好3\n") } b.WriteString("请将输出内容严格按照以下格式返回：\n")     b.WriteString("```json\n")
    b.WriteString("[\n")
    b.WriteString("  {\n")
    b.WriteString("    \"条件\": [\"\"]  // 严格遵守以下规定设计数学公式使用标准通用的latex格式,数学公式以美元符号包裹，$或$$与公式内容之间不允许有任何空格,\n")
    b.WriteString("    \"知识点\": \"\"  // 严格遵守以下规定设计数学公式使用标准通用的latex格式,数学公式以美元符号包裹，$或$$与公式内容之间不允许有任何空格,\n")
    b.WriteString("    \"过程\": \"\"  // 严格遵守以下规定设计数学公式使用标准通用的latex格式,数学公式以美元符号包裹，$或$$与公式内容之间不允许有任何空格\n")
    b.WriteString("  }\n")
    b.WriteString("]\n")
    b.WriteString("```\n")
 b.WriteString("特别提醒：本题可能涉及 extra_hint，请根据步骤合理提取对应知识点。\n")] [b.WriteString("你是一个擅长拆分解题步骤的数学老师\n") if (in.Question=="") {     b.WriteString("当前任务是将解题步骤进行合理拆分\n") } else {     b.WriteString("当前任务是将解题步骤进行合理拆分2\n") }]}
2025/08/08 16:46:11 test.go:68: 执行 go build 失败: exit status 1
2025/08/08 16:48:54 test.go:57: 生成的 Prompt:
 &{[b.WriteString("请根据以下输入题目及其解答内容，将完整的解答过程拆分为多个“短链”，每个“短链”包含以下三个要素：\n") if (in.Question!="") {     b.WriteString("你好\n") } else {     b.WriteString("siuehfebn\n") } b.WriteString("条件，知识点，结果\n") b.WriteString("题目：\n") b.WriteString(in.Question) b.WriteString("过程：\n") for i := range in.Process {     b.WriteString(in.Process[i]) } switch in.Process[0] { case "a":     b.WriteString("你好\n") case "b":     b.WriteString("你好2\n") default:     b.WriteString("你好3\n") } b.WriteString("请将输出内容严格按照以下格式返回：\n")     b.WriteString("```json\n")
    b.WriteString("[\n")
    b.WriteString("  {\n")
    b.WriteString("    \"条件\": [\"\"]  // 严格遵守以下规定设计数学公式使用标准通用的latex格式,数学公式以美元符号包裹，$或$$与公式内容之间不允许有任何空格,\n")
    b.WriteString("    \"知识点\": \"\"  // 严格遵守以下规定设计数学公式使用标准通用的latex格式,数学公式以美元符号包裹，$或$$与公式内容之间不允许有任何空格,\n")
    b.WriteString("    \"过程\": \"\"  // 严格遵守以下规定设计数学公式使用标准通用的latex格式,数学公式以美元符号包裹，$或$$与公式内容之间不允许有任何空格\n")
    b.WriteString("  }\n")
    b.WriteString("]\n")
    b.WriteString("```\n")
 b.WriteString("特别提醒：本题可能涉及 extra_hint，请根据步骤合理提取对应知识点。\n")] [b.WriteString("你是一个擅长拆分解题步骤的数学老师\n") if (in.Question=="") {     b.WriteString("当前任务是将解题步骤进行合理拆分\n") } else {     b.WriteString("当前任务是将解题步骤进行合理拆分2\n") }]}
2025/08/08 16:48:54 test.go:68: 执行 go build 失败: exit status 1
2025/08/08 16:49:16 test.go:57: 生成的 Prompt:
 &{[b.WriteString("请根据以下输入题目及其解答内容，将完整的解答过程拆分为多个“短链”，每个“短链”包含以下三个要素：\n") if (in.Question!="") {     b.WriteString("你好\n") } else {     b.WriteString("siuehfebn\n") } b.WriteString("条件，知识点，结果\n") b.WriteString("题目：\n") b.WriteString(in.Question) b.WriteString("过程：\n") for i := range in.Process {     b.WriteString(in.Process[i]) } switch in.Process[0] { case "a":     b.WriteString("你好\n") case "b":     b.WriteString("你好2\n") default:     b.WriteString("你好3\n") } b.WriteString("请将输出内容严格按照以下格式返回：\n")     b.WriteString("```json\n")
    b.WriteString("[\n")
    b.WriteString("  {\n")
    b.WriteString("    \"条件\": [\"\"]  // 严格遵守以下规定设计数学公式使用标准通用的latex格式,数学公式以美元符号包裹，$或$$与公式内容之间不允许有任何空格,\n")
    b.WriteString("    \"知识点\": \"\"  // 严格遵守以下规定设计数学公式使用标准通用的latex格式,数学公式以美元符号包裹，$或$$与公式内容之间不允许有任何空格,\n")
    b.WriteString("    \"过程\": \"\"  // 严格遵守以下规定设计数学公式使用标准通用的latex格式,数学公式以美元符号包裹，$或$$与公式内容之间不允许有任何空格\n")
    b.WriteString("  }\n")
    b.WriteString("]\n")
    b.WriteString("```\n")
 b.WriteString("特别提醒：本题可能涉及 extra_hint，请根据步骤合理提取对应知识点。\n")] [b.WriteString("你是一个擅长拆分解题步骤的数学老师\n") if (in.Question=="") {     b.WriteString("当前任务是将解题步骤进行合理拆分\n") } else {     b.WriteString("当前任务是将解题步骤进行合理拆分2\n") }]}
2025/08/08 16:49:16 test.go:68: 执行 go build 失败: exit status 1
2025/08/08 16:49:50 test.go:57: 生成的 Prompt:
 &{[b.WriteString("请根据以下输入题目及其解答内容，将完整的解答过程拆分为多个“短链”，每个“短链”包含以下三个要素：\n") if (in.Question!="") {     b.WriteString("你好\n") } else {     b.WriteString("siuehfebn\n") } b.WriteString("条件，知识点，结果\n") b.WriteString("题目：\n") b.WriteString(in.Question) b.WriteString("过程：\n") for i := range in.Process {     b.WriteString(in.Process[i]) } switch in.Process[0] { case "a":     b.WriteString("你好\n") case "b":     b.WriteString("你好2\n") default:     b.WriteString("你好3\n") } b.WriteString("请将输出内容严格按照以下格式返回：\n")     b.WriteString("```json\n")
    b.WriteString("[\n")
    b.WriteString("  {\n")
    b.WriteString("    \"条件\": [\"\"]  // 严格遵守以下规定设计数学公式使用标准通用的latex格式,数学公式以美元符号包裹，$或$$与公式内容之间不允许有任何空格,\n")
    b.WriteString("    \"知识点\": \"\"  // 严格遵守以下规定设计数学公式使用标准通用的latex格式,数学公式以美元符号包裹，$或$$与公式内容之间不允许有任何空格,\n")
    b.WriteString("    \"过程\": \"\"  // 严格遵守以下规定设计数学公式使用标准通用的latex格式,数学公式以美元符号包裹，$或$$与公式内容之间不允许有任何空格\n")
    b.WriteString("  }\n")
    b.WriteString("]\n")
    b.WriteString("```\n")
 b.WriteString("特别提醒：本题可能涉及 extra_hint，请根据步骤合理提取对应知识点。\n")] [b.WriteString("你是一个擅长拆分解题步骤的数学老师\n") if (in.Question=="") {     b.WriteString("当前任务是将解题步骤进行合理拆分\n") } else {     b.WriteString("当前任务是将解题步骤进行合理拆分2\n") }]}
2025/08/08 16:49:50 test.go:68: 执行 go build 失败: exit status 1
2025/08/08 16:59:35 test.go:57: 生成的 Prompt:
 &{[b.WriteString("请根据以下输入题目及其解答内容，将完整的解答过程拆分为多个“短链”，每个“短链”包含以下三个要素：\n") if (in.Question!="") {     b.WriteString("你好\n") } else {     b.WriteString("siuehfebn\n") } b.WriteString("条件，知识点，结果\n") b.WriteString("题目：\n") b.WriteString(in.Question) b.WriteString("过程：\n") for i := range in.Process {     b.WriteString(in.Process[i]) } switch in.Process[0] { case "a":     b.WriteString("你好\n") case "b":     b.WriteString("你好2\n") default:     b.WriteString("你好3\n") } b.WriteString("请将输出内容严格按照以下格式返回：\n")     b.WriteString("```json\n")
    b.WriteString("[\n")
    b.WriteString("  {\n")
    b.WriteString("    \"条件\": [\"\"]  // 严格遵守以下规定设计数学公式使用标准通用的latex格式,数学公式以美元符号包裹，$或$$与公式内容之间不允许有任何空格,\n")
    b.WriteString("    \"知识点\": \"\"  // 严格遵守以下规定设计数学公式使用标准通用的latex格式,数学公式以美元符号包裹，$或$$与公式内容之间不允许有任何空格,\n")
    b.WriteString("    \"过程\": \"\"  // 严格遵守以下规定设计数学公式使用标准通用的latex格式,数学公式以美元符号包裹，$或$$与公式内容之间不允许有任何空格\n")
    b.WriteString("  }\n")
    b.WriteString("]\n")
    b.WriteString("```\n")
 b.WriteString("特别提醒：本题可能涉及 extra_hint，请根据步骤合理提取对应知识点。\n")] [b.WriteString("你是一个擅长拆分解题步骤的数学老师\n") if (in.Question=="") {     b.WriteString("当前任务是将解题步骤进行合理拆分\n") } else {     b.WriteString("当前任务是将解题步骤进行合理拆分2\n") }]}
2025/08/08 16:59:35 test.go:35: 开始处理文件： checkSolutionSteps.pdsl
2025/08/08 16:59:35 test.go:57: 生成的 Prompt:
 &{[b.WriteString("请根据以下输入题目及其解答内容，将完整的解答过程拆分为多个“短链”，每个“短链”包含以下三个要素：\n") if (in.Question!="") {     b.WriteString("你好\n") } else {     b.WriteString("siuehfebn\n") } b.WriteString("条件，知识点，结果\n") b.WriteString("题目：\n") b.WriteString(in.Question) b.WriteString("过程：\n") for i := range in.Process {     b.WriteString(in.Process[i]) } switch in.Process[0] { case "a":     b.WriteString("你好\n") case "b":     b.WriteString("你好2\n") default:     b.WriteString("你好3\n") } b.WriteString("请将输出内容严格按照以下格式返回：\n")     b.WriteString("```json\n")
    b.WriteString("[\n")
    b.WriteString("  {\n")
    b.WriteString("  }\n")
    b.WriteString("]\n")
    b.WriteString("```\n")
 b.WriteString("特别提醒：本题可能涉及 extra_hint，请根据步骤合理提取对应知识点。\n")] [b.WriteString("你是一个擅长拆分解题步骤的数学老师\n") if (in.Question=="") {     b.WriteString("当前任务是将解题步骤进行合理拆分\n") } else {     b.WriteString("当前任务是将解题步骤进行合理拆分2\n") }]}
2025/08/08 16:59:35 test.go:68: 执行 go build 失败: exit status 1
2025/08/08 17:02:22 test.go:57: 生成的 Prompt:
 &{[b.WriteString("请根据以下输入题目及其解答内容，将完整的解答过程拆分为多个“短链”，每个“短链”包含以下三个要素：\n") if (in.Question!="") {     b.WriteString("你好\n") } else {     b.WriteString("siuehfebn\n") } b.WriteString("条件，知识点，结果\n") b.WriteString("题目：\n") b.WriteString(in.Question) b.WriteString("过程：\n") for i := range in.Process {     b.WriteString(in.Process[i]) } switch in.Process[0] { case "a":     b.WriteString("你好\n") case "b":     b.WriteString("你好2\n") default:     b.WriteString("你好3\n") } b.WriteString("请将输出内容严格按照以下格式返回：\n")     b.WriteString("```json\n")
    b.WriteString("[\n")
    b.WriteString("  {\n")
    b.WriteString("  }\n")
    b.WriteString("]\n")
    b.WriteString("```\n")
 b.WriteString("特别提醒：本题可能涉及 extra_hint，请根据步骤合理提取对应知识点。\n")] [b.WriteString("你是一个擅长拆分解题步骤的数学老师\n") if (in.Question=="") {     b.WriteString("当前任务是将解题步骤进行合理拆分\n") } else {     b.WriteString("当前任务是将解题步骤进行合理拆分2\n") }]}
2025/08/08 17:02:22 test.go:35: 开始处理文件： SplitSolutionSteps.pdsl
2025/08/08 17:02:22 test.go:57: 生成的 Prompt:
 &{[b.WriteString("请根据以下输入题目及其解答内容，将完整的解答过程拆分为多个“短链”，每个“短链”包含以下三个要素：\n") if (in.Question!="") {     b.WriteString("你好\n") } else {     b.WriteString("siuehfebn\n") } b.WriteString("条件，知识点，结果\n") b.WriteString("题目：\n") b.WriteString(in.Question) b.WriteString("过程：\n") for i := range in.Process {     b.WriteString(in.Process[i]) } switch in.Process[0] { case "a":     b.WriteString("你好\n") case "b":     b.WriteString("你好2\n") default:     b.WriteString("你好3\n") } b.WriteString("请将输出内容严格按照以下格式返回：\n")     b.WriteString("```json\n")
    b.WriteString("[\n")
    b.WriteString("  {\n")
    b.WriteString("    \"条件\": [\"\"]  // 严格遵守以下规定设计数学公式使用标准通用的latex格式,数学公式以美元符号包裹，$或$$与公式内容之间不允许有任何空格,\n")
    b.WriteString("    \"知识点\": \"\"  // 严格遵守以下规定设计数学公式使用标准通用的latex格式,数学公式以美元符号包裹，$或$$与公式内容之间不允许有任何空格,\n")
    b.WriteString("    \"过程\": \"\"  // 严格遵守以下规定设计数学公式使用标准通用的latex格式,数学公式以美元符号包裹，$或$$与公式内容之间不允许有任何空格\n")
    b.WriteString("  }\n")
    b.WriteString("]\n")
    b.WriteString("```\n")
 b.WriteString("特别提醒：本题可能涉及 extra_hint，请根据步骤合理提取对应知识点。\n")] [b.WriteString("你是一个擅长拆分解题步骤的数学老师\n") if (in.Question=="") {     b.WriteString("当前任务是将解题步骤进行合理拆分\n") } else {     b.WriteString("当前任务是将解题步骤进行合理拆分2\n") }]}
2025/08/08 17:02:22 test.go:68: 执行 go build 失败: exit status 1
2025/08/08 17:02:32 test.go:57: 生成的 Prompt:
 &{[b.WriteString("请根据以下输入题目及其解答内容，将完整的解答过程拆分为多个“短链”，每个“短链”包含以下三个要素：\n") if (in.Question!="") {     b.WriteString("你好\n") } else {     b.WriteString("siuehfebn\n") } b.WriteString("条件，知识点，结果\n") b.WriteString("题目：\n") b.WriteString(in.Question) b.WriteString("过程：\n") for i := range in.Process {     b.WriteString(in.Process[i]) } switch in.Process[0] { case "a":     b.WriteString("你好\n") case "b":     b.WriteString("你好2\n") default:     b.WriteString("你好3\n") } b.WriteString("请将输出内容严格按照以下格式返回：\n")     b.WriteString("```json\n")
    b.WriteString("[\n")
    b.WriteString("  {\n")
    b.WriteString("  }\n")
    b.WriteString("]\n")
    b.WriteString("```\n")
 b.WriteString("特别提醒：本题可能涉及 extra_hint，请根据步骤合理提取对应知识点。\n")] [b.WriteString("你是一个擅长拆分解题步骤的数学老师\n") if (in.Question=="") {     b.WriteString("当前任务是将解题步骤进行合理拆分\n") } else {     b.WriteString("当前任务是将解题步骤进行合理拆分2\n") }]}
2025/08/08 17:02:32 test.go:35: 开始处理文件： SplitSolutionSteps.pdsl
2025/08/08 17:02:32 test.go:57: 生成的 Prompt:
 &{[b.WriteString("请根据以下输入题目及其解答内容，将完整的解答过程拆分为多个“短链”，每个“短链”包含以下三个要素：\n") if (in.Question!="") {     b.WriteString("你好\n") } else {     b.WriteString("siuehfebn\n") } b.WriteString("条件，知识点，结果\n") b.WriteString("题目：\n") b.WriteString(in.Question) b.WriteString("过程：\n") for i := range in.Process {     b.WriteString(in.Process[i]) } switch in.Process[0] { case "a":     b.WriteString("你好\n") case "b":     b.WriteString("你好2\n") default:     b.WriteString("你好3\n") } b.WriteString("请将输出内容严格按照以下格式返回：\n")     b.WriteString("```json\n")
    b.WriteString("[\n")
    b.WriteString("  {\n")
    b.WriteString("    \"条件\": [\"\"]  // 严格遵守以下规定设计数学公式使用标准通用的latex格式,数学公式以美元符号包裹，$或$$与公式内容之间不允许有任何空格,\n")
    b.WriteString("    \"知识点\": \"\"  // 严格遵守以下规定设计数学公式使用标准通用的latex格式,数学公式以美元符号包裹，$或$$与公式内容之间不允许有任何空格,\n")
    b.WriteString("    \"过程\": \"\"  // 严格遵守以下规定设计数学公式使用标准通用的latex格式,数学公式以美元符号包裹，$或$$与公式内容之间不允许有任何空格\n")
    b.WriteString("  }\n")
    b.WriteString("]\n")
    b.WriteString("```\n")
 b.WriteString("特别提醒：本题可能涉及 extra_hint，请根据步骤合理提取对应知识点。\n")] [b.WriteString("你是一个擅长拆分解题步骤的数学老师\n") if (in.Question=="") {     b.WriteString("当前任务是将解题步骤进行合理拆分\n") } else {     b.WriteString("当前任务是将解题步骤进行合理拆分2\n") }]}
2025/08/08 17:02:32 test.go:68: 执行 go build 失败: exit status 1
2025/08/08 17:04:07 test.go:57: 生成的 Prompt:
 &{[b.WriteString("请根据以下输入题目及其解答内容，将完整的解答过程拆分为多个“短链”，每个“短链”包含以下三个要素：\n") if (in.Question!="") {     b.WriteString("你好\n") } else {     b.WriteString("siuehfebn\n") } b.WriteString("条件，知识点，结果\n") b.WriteString("题目：\n") b.WriteString(in.Question) b.WriteString("过程：\n") for i := range in.Process {     b.WriteString(in.Process[i]) } switch in.Process[0] { case "a":     b.WriteString("你好\n") case "b":     b.WriteString("你好2\n") default:     b.WriteString("你好3\n") } b.WriteString("请将输出内容严格按照以下格式返回：\n")     b.WriteString("```json\n")
    b.WriteString("[\n")
    b.WriteString("  {\n")
    b.WriteString("  }\n")
    b.WriteString("]\n")
    b.WriteString("```\n")
 b.WriteString("特别提醒：本题可能涉及 extra_hint，请根据步骤合理提取对应知识点。\n")] [b.WriteString("你是一个擅长拆分解题步骤的数学老师\n") if (in.Question=="") {     b.WriteString("当前任务是将解题步骤进行合理拆分\n") } else {     b.WriteString("当前任务是将解题步骤进行合理拆分2\n") }]}
2025/08/08 17:04:07 test.go:35: 开始处理文件： SplitSolutionSteps.pdsl
2025/08/08 17:04:07 test.go:57: 生成的 Prompt:
 &{[b.WriteString("请根据以下输入题目及其解答内容，将完整的解答过程拆分为多个“短链”，每个“短链”包含以下三个要素：\n") if (in.Question!="") {     b.WriteString("你好\n") } else {     b.WriteString("siuehfebn\n") } b.WriteString("条件，知识点，结果\n") b.WriteString("题目：\n") b.WriteString(in.Question) b.WriteString("过程：\n") for i := range in.Process {     b.WriteString(in.Process[i]) } switch in.Process[0] { case "a":     b.WriteString("你好\n") case "b":     b.WriteString("你好2\n") default:     b.WriteString("你好3\n") } b.WriteString("请将输出内容严格按照以下格式返回：\n")     b.WriteString("```json\n")
    b.WriteString("[\n")
    b.WriteString("  {\n")
    b.WriteString("    \"条件\": [\"\"]  // 严格遵守以下规定设计数学公式使用标准通用的latex格式,数学公式以美元符号包裹，$或$$与公式内容之间不允许有任何空格,\n")
    b.WriteString("    \"知识点\": \"\"  // 严格遵守以下规定设计数学公式使用标准通用的latex格式,数学公式以美元符号包裹，$或$$与公式内容之间不允许有任何空格,\n")
    b.WriteString("    \"过程\": \"\"  // 严格遵守以下规定设计数学公式使用标准通用的latex格式,数学公式以美元符号包裹，$或$$与公式内容之间不允许有任何空格\n")
    b.WriteString("  }\n")
    b.WriteString("]\n")
    b.WriteString("```\n")
 b.WriteString("特别提醒：本题可能涉及 extra_hint，请根据步骤合理提取对应知识点。\n")] [b.WriteString("你是一个擅长拆分解题步骤的数学老师\n") if (in.Question=="") {     b.WriteString("当前任务是将解题步骤进行合理拆分\n") } else {     b.WriteString("当前任务是将解题步骤进行合理拆分2\n") }]}
2025/08/08 17:04:07 test.go:68: 执行 go build 失败: exit status 1
2025/08/08 17:06:45 test.go:57: 生成的 Prompt:
 &{[b.WriteString("请根据以下输入题目及其解答内容，将完整的解答过程拆分为多个“短链”，每个“短链”包含以下三个要素：\n") if (in.Question!="") {     b.WriteString("你好\n") } else {     b.WriteString("siuehfebn\n") } b.WriteString("条件，知识点，结果\n") b.WriteString("题目：\n") b.WriteString(in.Question) b.WriteString("过程：\n") for i := range in.Process {     b.WriteString(in.Process[i]) } switch in.Process[0] { case "a":     b.WriteString("你好\n") case "b":     b.WriteString("你好2\n") default:     b.WriteString("你好3\n") } b.WriteString("请将输出内容严格按照以下格式返回：\n")     b.WriteString("```json\n")
    b.WriteString("[\n")
    b.WriteString("  {\n")
    b.WriteString("  }\n")
    b.WriteString("]\n")
    b.WriteString("```\n")
 b.WriteString("特别提醒：本题可能涉及 extra_hint，请根据步骤合理提取对应知识点。\n")] [b.WriteString("你是一个擅长拆分解题步骤的数学老师\n") if (in.Question=="") {     b.WriteString("当前任务是将解题步骤进行合理拆分\n") } else {     b.WriteString("当前任务是将解题步骤进行合理拆分2\n") }]}
2025/08/08 17:06:45 test.go:35: 开始处理文件： SplitSolutionSteps.pdsl
2025/08/08 17:06:45 test.go:57: 生成的 Prompt:
 &{[b.WriteString("请根据以下输入题目及其解答内容，将完整的解答过程拆分为多个“短链”，每个“短链”包含以下三个要素：\n") if (in.Question!="") {     b.WriteString("你好\n") } else {     b.WriteString("siuehfebn\n") } b.WriteString("条件，知识点，结果\n") b.WriteString("题目：\n") b.WriteString(in.Question) b.WriteString("过程：\n") for i := range in.Process {     b.WriteString(in.Process[i]) } switch in.Process[0] { case "a":     b.WriteString("你好\n") case "b":     b.WriteString("你好2\n") default:     b.WriteString("你好3\n") } b.WriteString("请将输出内容严格按照以下格式返回：\n")     b.WriteString("```json\n")
    b.WriteString("[\n")
    b.WriteString("  {\n")
    b.WriteString("    \"条件\": [\"\"]  // 严格遵守以下规定设计数学公式使用标准通用的latex格式,数学公式以美元符号包裹，$或$$与公式内容之间不允许有任何空格,\n")
    b.WriteString("    \"知识点\": \"\"  // 严格遵守以下规定设计数学公式使用标准通用的latex格式,数学公式以美元符号包裹，$或$$与公式内容之间不允许有任何空格,\n")
    b.WriteString("    \"过程\": \"\"  // 严格遵守以下规定设计数学公式使用标准通用的latex格式,数学公式以美元符号包裹，$或$$与公式内容之间不允许有任何空格\n")
    b.WriteString("  }\n")
    b.WriteString("]\n")
    b.WriteString("```\n")
 b.WriteString("特别提醒：本题可能涉及 extra_hint，请根据步骤合理提取对应知识点。\n")] [b.WriteString("你是一个擅长拆分解题步骤的数学老师\n") if (in.Question=="") {     b.WriteString("当前任务是将解题步骤进行合理拆分\n") } else {     b.WriteString("当前任务是将解题步骤进行合理拆分2\n") }]}
2025/08/08 17:06:45 test.go:68: 执行 go build 失败: exit status 1
2025/08/08 17:08:55 test.go:57: 生成的 Prompt:
 &{[b.WriteString("请根据以下输入题目及其解答内容，将完整的解答过程拆分为多个“短链”，每个“短链”包含以下三个要素：\n") if (in.Question!="") {     b.WriteString("你好\n") } else {     b.WriteString("siuehfebn\n") } b.WriteString("条件，知识点，结果\n") b.WriteString("题目：\n") b.WriteString(in.Question) b.WriteString("过程：\n") for i := range in.Process {     b.WriteString(in.Process[i]) } switch in.Process[0] { case "a":     b.WriteString("你好\n") case "b":     b.WriteString("你好2\n") default:     b.WriteString("你好3\n") } b.WriteString("请将输出内容严格按照以下格式返回：\n")     b.WriteString("```json\n")
    b.WriteString("[\n")
    b.WriteString("  {\n")
    b.WriteString("  }\n")
    b.WriteString("]\n")
    b.WriteString("```\n")
 b.WriteString("特别提醒：本题可能涉及 extra_hint，请根据步骤合理提取对应知识点。\n")] [b.WriteString("你是一个擅长拆分解题步骤的数学老师\n") if (in.Question=="") {     b.WriteString("当前任务是将解题步骤进行合理拆分\n") } else {     b.WriteString("当前任务是将解题步骤进行合理拆分2\n") }]}
2025/08/08 17:08:55 test.go:35: 开始处理文件： SplitSolutionSteps.pdsl
2025/08/08 17:08:55 test.go:57: 生成的 Prompt:
 &{[b.WriteString("请根据以下输入题目及其解答内容，将完整的解答过程拆分为多个“短链”，每个“短链”包含以下三个要素：\n") if (in.Question!="") {     b.WriteString("你好\n") } else {     b.WriteString("siuehfebn\n") } b.WriteString("条件，知识点，结果\n") b.WriteString("题目：\n") b.WriteString(in.Question) b.WriteString("过程：\n") for i := range in.Process {     b.WriteString(in.Process[i]) } switch in.Process[0] { case "a":     b.WriteString("你好\n") case "b":     b.WriteString("你好2\n") default:     b.WriteString("你好3\n") } b.WriteString("请将输出内容严格按照以下格式返回：\n")     b.WriteString("```json\n")
    b.WriteString("[\n")
    b.WriteString("  {\n")
    b.WriteString("    \"条件\": [\"\"]  // 严格遵守以下规定设计数学公式使用标准通用的latex格式,数学公式以美元符号包裹，$或$$与公式内容之间不允许有任何空格,\n")
    b.WriteString("    \"知识点\": \"\"  // 严格遵守以下规定设计数学公式使用标准通用的latex格式,数学公式以美元符号包裹，$或$$与公式内容之间不允许有任何空格,\n")
    b.WriteString("    \"过程\": \"\"  // 严格遵守以下规定设计数学公式使用标准通用的latex格式,数学公式以美元符号包裹，$或$$与公式内容之间不允许有任何空格\n")
    b.WriteString("  }\n")
    b.WriteString("]\n")
    b.WriteString("```\n")
 b.WriteString("特别提醒：本题可能涉及 extra_hint，请根据步骤合理提取对应知识点。\n")] [b.WriteString("你是一个擅长拆分解题步骤的数学老师\n") if (in.Question=="") {     b.WriteString("当前任务是将解题步骤进行合理拆分\n") } else {     b.WriteString("当前任务是将解题步骤进行合理拆分2\n") }]}
2025/08/08 17:08:55 test.go:68: 执行 go build 失败: exit status 1
2025/08/08 17:09:02 test.go:57: 生成的 Prompt:
 &{[b.WriteString("请根据以下输入题目及其解答内容，将完整的解答过程拆分为多个“短链”，每个“短链”包含以下三个要素：\n") if (in.Question!="") {     b.WriteString("你好\n") } else {     b.WriteString("siuehfebn\n") } b.WriteString("条件，知识点，结果\n") b.WriteString("题目：\n") b.WriteString(in.Question) b.WriteString("过程：\n") for i := range in.Process {     b.WriteString(in.Process[i]) } switch in.Process[0] { case "a":     b.WriteString("你好\n") case "b":     b.WriteString("你好2\n") default:     b.WriteString("你好3\n") } b.WriteString("请将输出内容严格按照以下格式返回：\n")     b.WriteString("```json\n")
    b.WriteString("[\n")
    b.WriteString("  {\n")
    b.WriteString("  }\n")
    b.WriteString("]\n")
    b.WriteString("```\n")
 b.WriteString("特别提醒：本题可能涉及 extra_hint，请根据步骤合理提取对应知识点。\n")] [b.WriteString("你是一个擅长拆分解题步骤的数学老师\n") if (in.Question=="") {     b.WriteString("当前任务是将解题步骤进行合理拆分\n") } else {     b.WriteString("当前任务是将解题步骤进行合理拆分2\n") }]}
2025/08/08 17:09:02 test.go:35: 开始处理文件： SplitSolutionSteps.pdsl
2025/08/08 17:09:02 test.go:57: 生成的 Prompt:
 &{[b.WriteString("请根据以下输入题目及其解答内容，将完整的解答过程拆分为多个“短链”，每个“短链”包含以下三个要素：\n") if (in.Question!="") {     b.WriteString("你好\n") } else {     b.WriteString("siuehfebn\n") } b.WriteString("条件，知识点，结果\n") b.WriteString("题目：\n") b.WriteString(in.Question) b.WriteString("过程：\n") for i := range in.Process {     b.WriteString(in.Process[i]) } switch in.Process[0] { case "a":     b.WriteString("你好\n") case "b":     b.WriteString("你好2\n") default:     b.WriteString("你好3\n") } b.WriteString("请将输出内容严格按照以下格式返回：\n")     b.WriteString("```json\n")
    b.WriteString("[\n")
    b.WriteString("  {\n")
    b.WriteString("    \"条件\": [\"\"]  // 严格遵守以下规定设计数学公式使用标准通用的latex格式,数学公式以美元符号包裹，$或$$与公式内容之间不允许有任何空格,\n")
    b.WriteString("    \"知识点\": \"\"  // 严格遵守以下规定设计数学公式使用标准通用的latex格式,数学公式以美元符号包裹，$或$$与公式内容之间不允许有任何空格,\n")
    b.WriteString("    \"过程\": \"\"  // 严格遵守以下规定设计数学公式使用标准通用的latex格式,数学公式以美元符号包裹，$或$$与公式内容之间不允许有任何空格\n")
    b.WriteString("  }\n")
    b.WriteString("]\n")
    b.WriteString("```\n")
 b.WriteString("特别提醒：本题可能涉及 extra_hint，请根据步骤合理提取对应知识点。\n")] [b.WriteString("你是一个擅长拆分解题步骤的数学老师\n") if (in.Question=="") {     b.WriteString("当前任务是将解题步骤进行合理拆分\n") } else {     b.WriteString("当前任务是将解题步骤进行合理拆分2\n") }]}
2025/08/08 17:09:02 test.go:68: 执行 go build 失败: exit status 1
2025/08/08 17:10:00 test.go:57: 生成的 Prompt:
 &{[b.WriteString("请根据以下输入题目及其解答内容，将完整的解答过程拆分为多个“短链”，每个“短链”包含以下三个要素：\n") if (in.Question!="") {     b.WriteString("你好\n") } else {     b.WriteString("siuehfebn\n") } b.WriteString("条件，知识点，结果\n") b.WriteString("题目：\n") b.WriteString(in.Question) b.WriteString("过程：\n") for i := range in.Process {     b.WriteString(in.Process[i]) } switch in.Process[0] { case "a":     b.WriteString("你好\n") case "b":     b.WriteString("你好2\n") default:     b.WriteString("你好3\n") } b.WriteString("请将输出内容严格按照以下格式返回：\n")     b.WriteString("```json\n")
    b.WriteString("[\n")
    b.WriteString("  {\n")
    b.WriteString("  }\n")
    b.WriteString("]\n")
    b.WriteString("```\n")
 b.WriteString("特别提醒：本题可能涉及 extra_hint，请根据步骤合理提取对应知识点。\n")] [b.WriteString("你是一个擅长拆分解题步骤的数学老师\n") if (in.Question=="") {     b.WriteString("当前任务是将解题步骤进行合理拆分\n") } else {     b.WriteString("当前任务是将解题步骤进行合理拆分2\n") }]}
2025/08/08 17:10:00 test.go:35: 开始处理文件： SplitSolutionSteps.pdsl
2025/08/08 17:10:00 test.go:57: 生成的 Prompt:
 &{[b.WriteString("请根据以下输入题目及其解答内容，将完整的解答过程拆分为多个“短链”，每个“短链”包含以下三个要素：\n") if (in.Question!="") {     b.WriteString("你好\n") } else {     b.WriteString("siuehfebn\n") } b.WriteString("条件，知识点，结果\n") b.WriteString("题目：\n") b.WriteString(in.Question) b.WriteString("过程：\n") for i := range in.Process {     b.WriteString(in.Process[i]) } switch in.Process[0] { case "a":     b.WriteString("你好\n") case "b":     b.WriteString("你好2\n") default:     b.WriteString("你好3\n") } b.WriteString("请将输出内容严格按照以下格式返回：\n")     b.WriteString("```json\n")
    b.WriteString("[\n")
    b.WriteString("  {\n")
    b.WriteString("    \"条件\": [\"\"]  // 严格遵守以下规定设计数学公式使用标准通用的latex格式,数学公式以美元符号包裹，$或$$与公式内容之间不允许有任何空格,\n")
    b.WriteString("    \"知识点\": \"\"  // 严格遵守以下规定设计数学公式使用标准通用的latex格式,数学公式以美元符号包裹，$或$$与公式内容之间不允许有任何空格,\n")
    b.WriteString("    \"过程\": \"\"  // 严格遵守以下规定设计数学公式使用标准通用的latex格式,数学公式以美元符号包裹，$或$$与公式内容之间不允许有任何空格\n")
    b.WriteString("  }\n")
    b.WriteString("]\n")
    b.WriteString("```\n")
 b.WriteString("特别提醒：本题可能涉及 extra_hint，请根据步骤合理提取对应知识点。\n")] [b.WriteString("你是一个擅长拆分解题步骤的数学老师\n") if (in.Question=="") {     b.WriteString("当前任务是将解题步骤进行合理拆分\n") } else {     b.WriteString("当前任务是将解题步骤进行合理拆分2\n") }]}
2025/08/08 17:10:00 test.go:68: 执行 go build 失败: exit status 1
2025/08/08 17:10:48 test.go:57: 生成的 Prompt:
 &{[b.WriteString("请根据以下输入题目及其解答内容，将完整的解答过程拆分为多个“短链”，每个“短链”包含以下三个要素：\n") if (in.Question!="") {     b.WriteString("你好\n") } else {     b.WriteString("siuehfebn\n") } b.WriteString("条件，知识点，结果\n") b.WriteString("题目：\n") b.WriteString(in.Question) b.WriteString("过程：\n") for i := range in.Process {     b.WriteString(in.Process[i]) } switch in.Process[0] { case "a":     b.WriteString("你好\n") case "b":     b.WriteString("你好2\n") default:     b.WriteString("你好3\n") } b.WriteString("请将输出内容严格按照以下格式返回：\n")     b.WriteString("```json\n")
    b.WriteString("[\n")
    b.WriteString("  {\n")
    b.WriteString("  }\n")
    b.WriteString("]\n")
    b.WriteString("```\n")
 b.WriteString("特别提醒：本题可能涉及 extra_hint，请根据步骤合理提取对应知识点。\n")] [b.WriteString("你是一个擅长拆分解题步骤的数学老师\n") if (in.Question=="") {     b.WriteString("当前任务是将解题步骤进行合理拆分\n") } else {     b.WriteString("当前任务是将解题步骤进行合理拆分2\n") }]}
2025/08/08 17:10:48 test.go:35: 开始处理文件： SplitSolutionSteps.pdsl
2025/08/08 17:10:48 test.go:57: 生成的 Prompt:
 &{[b.WriteString("请根据以下输入题目及其解答内容，将完整的解答过程拆分为多个“短链”，每个“短链”包含以下三个要素：\n") if (in.Question!="") {     b.WriteString("你好\n") } else {     b.WriteString("siuehfebn\n") } b.WriteString("条件，知识点，结果\n") b.WriteString("题目：\n") b.WriteString(in.Question) b.WriteString("过程：\n") for i := range in.Process {     b.WriteString(in.Process[i]) } switch in.Process[0] { case "a":     b.WriteString("你好\n") case "b":     b.WriteString("你好2\n") default:     b.WriteString("你好3\n") } b.WriteString("请将输出内容严格按照以下格式返回：\n")     b.WriteString("```json\n")
    b.WriteString("[\n")
    b.WriteString("  {\n")
    b.WriteString("    \"条件\": [\"\"]  // 严格遵守以下规定设计数学公式使用标准通用的latex格式,数学公式以美元符号包裹，$或$$与公式内容之间不允许有任何空格,\n")
    b.WriteString("    \"知识点\": \"\"  // 严格遵守以下规定设计数学公式使用标准通用的latex格式,数学公式以美元符号包裹，$或$$与公式内容之间不允许有任何空格,\n")
    b.WriteString("    \"过程\": \"\"  // 严格遵守以下规定设计数学公式使用标准通用的latex格式,数学公式以美元符号包裹，$或$$与公式内容之间不允许有任何空格\n")
    b.WriteString("  }\n")
    b.WriteString("]\n")
    b.WriteString("```\n")
 b.WriteString("特别提醒：本题可能涉及 extra_hint，请根据步骤合理提取对应知识点。\n")] [b.WriteString("你是一个擅长拆分解题步骤的数学老师\n") if (in.Question=="") {     b.WriteString("当前任务是将解题步骤进行合理拆分\n") } else {     b.WriteString("当前任务是将解题步骤进行合理拆分2\n") }]}
2025/08/08 17:10:48 test.go:68: 执行 go build 失败: exit status 1
2025/08/08 17:11:18 test.go:57: 生成的 Prompt:
 &{[b.WriteString("请根据以下输入题目及其解答内容，将完整的解答过程拆分为多个“短链”，每个“短链”包含以下三个要素：\n") if (in.Question!="") {     b.WriteString("你好\n") } else {     b.WriteString("siuehfebn\n") } b.WriteString("条件，知识点，结果\n") b.WriteString("题目：\n") b.WriteString(in.Question) b.WriteString("过程：\n") for i := range in.Process {     b.WriteString(in.Process[i]) } switch in.Process[0] { case "a":     b.WriteString("你好\n") case "b":     b.WriteString("你好2\n") default:     b.WriteString("你好3\n") } b.WriteString("请将输出内容严格按照以下格式返回：\n")     b.WriteString("```json\n")
    b.WriteString("[\n")
    b.WriteString("  {\n")
    b.WriteString("  }\n")
    b.WriteString("]\n")
    b.WriteString("```\n")
 b.WriteString("特别提醒：本题可能涉及 extra_hint，请根据步骤合理提取对应知识点。\n")] [b.WriteString("你是一个擅长拆分解题步骤的数学老师\n") if (in.Question=="") {     b.WriteString("当前任务是将解题步骤进行合理拆分\n") } else {     b.WriteString("当前任务是将解题步骤进行合理拆分2\n") }]}
2025/08/08 17:11:18 test.go:35: 开始处理文件： SplitSolutionSteps.pdsl
2025/08/08 17:11:18 test.go:57: 生成的 Prompt:
 &{[b.WriteString("请根据以下输入题目及其解答内容，将完整的解答过程拆分为多个“短链”，每个“短链”包含以下三个要素：\n") if (in.Question!="") {     b.WriteString("你好\n") } else {     b.WriteString("siuehfebn\n") } b.WriteString("条件，知识点，结果\n") b.WriteString("题目：\n") b.WriteString(in.Question) b.WriteString("过程：\n") for i := range in.Process {     b.WriteString(in.Process[i]) } switch in.Process[0] { case "a":     b.WriteString("你好\n") case "b":     b.WriteString("你好2\n") default:     b.WriteString("你好3\n") } b.WriteString("请将输出内容严格按照以下格式返回：\n")     b.WriteString("```json\n")
    b.WriteString("[\n")
    b.WriteString("  {\n")
    b.WriteString("    \"条件\": [\"\"]  // 严格遵守以下规定设计数学公式使用标准通用的latex格式,数学公式以美元符号包裹，$或$$与公式内容之间不允许有任何空格,\n")
    b.WriteString("    \"知识点\": \"\"  // 严格遵守以下规定设计数学公式使用标准通用的latex格式,数学公式以美元符号包裹，$或$$与公式内容之间不允许有任何空格,\n")
    b.WriteString("    \"过程\": \"\"  // 严格遵守以下规定设计数学公式使用标准通用的latex格式,数学公式以美元符号包裹，$或$$与公式内容之间不允许有任何空格\n")
    b.WriteString("  }\n")
    b.WriteString("]\n")
    b.WriteString("```\n")
 b.WriteString("特别提醒：本题可能涉及 extra_hint，请根据步骤合理提取对应知识点。\n")] [b.WriteString("你是一个擅长拆分解题步骤的数学老师\n") if (in.Question=="") {     b.WriteString("当前任务是将解题步骤进行合理拆分\n") } else {     b.WriteString("当前任务是将解题步骤进行合理拆分2\n") }]}
2025/08/08 17:11:18 test.go:68: 执行 go build 失败: exit status 1
2025/08/08 17:13:28 test.go:57: 生成的 Prompt:
 &{[b.WriteString("请根据以下输入题目及其解答内容，将完整的解答过程拆分为多个“短链”，每个“短链”包含以下三个要素：\n") if (in.Question!="") {     b.WriteString("你好\n") } else {     b.WriteString("siuehfebn\n") } b.WriteString("条件，知识点，结果\n") b.WriteString("题目：\n") b.WriteString(in.Question) b.WriteString("过程：\n") for i := range in.Process {     b.WriteString(in.Process[i]) } switch in.Process[0] { case "a":     b.WriteString("你好\n") case "b":     b.WriteString("你好2\n") default:     b.WriteString("你好3\n") } b.WriteString("请将输出内容严格按照以下格式返回：\n")     b.WriteString("```json\n")
    b.WriteString("[\n")
    b.WriteString("  {\n")
    b.WriteString("  }\n")
    b.WriteString("]\n")
    b.WriteString("```\n")
 b.WriteString("特别提醒：本题可能涉及 extra_hint，请根据步骤合理提取对应知识点。\n")] [b.WriteString("你是一个擅长拆分解题步骤的数学老师\n") if (in.Question=="") {     b.WriteString("当前任务是将解题步骤进行合理拆分\n") } else {     b.WriteString("当前任务是将解题步骤进行合理拆分2\n") }]}
2025/08/08 17:13:28 test.go:35: 开始处理文件： SplitSolutionSteps.pdsl
2025/08/08 17:13:28 test.go:57: 生成的 Prompt:
 &{[b.WriteString("请根据以下输入题目及其解答内容，将完整的解答过程拆分为多个“短链”，每个“短链”包含以下三个要素：\n") if (in.Question!="") {     b.WriteString("你好\n") } else {     b.WriteString("siuehfebn\n") } b.WriteString("条件，知识点，结果\n") b.WriteString("题目：\n") b.WriteString(in.Question) b.WriteString("过程：\n") for i := range in.Process {     b.WriteString(in.Process[i]) } switch in.Process[0] { case "a":     b.WriteString("你好\n") case "b":     b.WriteString("你好2\n") default:     b.WriteString("你好3\n") } b.WriteString("请将输出内容严格按照以下格式返回：\n")     b.WriteString("```json\n")
    b.WriteString("[\n")
    b.WriteString("  {\n")
    b.WriteString("    \"条件\": [\"\"]  // 严格遵守以下规定设计数学公式使用标准通用的latex格式,数学公式以美元符号包裹，$或$$与公式内容之间不允许有任何空格,\n")
    b.WriteString("    \"知识点\": \"\"  // 严格遵守以下规定设计数学公式使用标准通用的latex格式,数学公式以美元符号包裹，$或$$与公式内容之间不允许有任何空格,\n")
    b.WriteString("    \"过程\": \"\"  // 严格遵守以下规定设计数学公式使用标准通用的latex格式,数学公式以美元符号包裹，$或$$与公式内容之间不允许有任何空格\n")
    b.WriteString("  }\n")
    b.WriteString("]\n")
    b.WriteString("```\n")
 b.WriteString("特别提醒：本题可能涉及 extra_hint，请根据步骤合理提取对应知识点。\n")] [b.WriteString("你是一个擅长拆分解题步骤的数学老师\n") if (in.Question=="") {     b.WriteString("当前任务是将解题步骤进行合理拆分\n") } else {     b.WriteString("当前任务是将解题步骤进行合理拆分2\n") }]}
2025/08/08 17:13:28 test.go:68: 执行 go build 失败: exit status 1
2025/08/08 17:17:55 test.go:57: 生成的 Prompt:
 &{[b.WriteString("请根据以下输入题目及其解答内容，将完整的解答过程拆分为多个“短链”，每个“短链”包含以下三个要素：\n") if (in.Question!="") {     b.WriteString("你好\n") } else {     b.WriteString("siuehfebn\n") } b.WriteString("条件，知识点，结果\n") b.WriteString("题目：\n") b.WriteString(in.Question) b.WriteString("过程：\n") for i := range in.Process {     b.WriteString(in.Process[i]) } switch in.Process[0] { case "a":     b.WriteString("你好\n") case "b":     b.WriteString("你好2\n") default:     b.WriteString("你好3\n") } b.WriteString("请将输出内容严格按照以下格式返回：\n")     b.WriteString("```json\n")
    b.WriteString("[\n")
    b.WriteString("  {\n")
    b.WriteString("  }\n")
    b.WriteString("]\n")
    b.WriteString("```\n")
 b.WriteString("特别提醒：本题可能涉及 extra_hint，请根据步骤合理提取对应知识点。\n")] [b.WriteString("你是一个擅长拆分解题步骤的数学老师\n") if (in.Question=="") {     b.WriteString("当前任务是将解题步骤进行合理拆分\n") } else {     b.WriteString("当前任务是将解题步骤进行合理拆分2\n") }]}
2025/08/08 17:17:55 test.go:35: 开始处理文件： SplitSolutionSteps.pdsl
2025/08/08 17:17:55 test.go:57: 生成的 Prompt:
 &{[b.WriteString("请根据以下输入题目及其解答内容，将完整的解答过程拆分为多个“短链”，每个“短链”包含以下三个要素：\n") if (in.Question!="") {     b.WriteString("你好\n") } else {     b.WriteString("siuehfebn\n") } b.WriteString("条件，知识点，结果\n") b.WriteString("题目：\n") b.WriteString(in.Question) b.WriteString("过程：\n") for i := range in.Process {     b.WriteString(in.Process[i]) } switch in.Process[0] { case "a":     b.WriteString("你好\n") case "b":     b.WriteString("你好2\n") default:     b.WriteString("你好3\n") } b.WriteString("请将输出内容严格按照以下格式返回：\n")     b.WriteString("```json\n")
    b.WriteString("[\n")
    b.WriteString("  {\n")
    b.WriteString("    \"条件\": [\"\"]  // 严格遵守以下规定设计数学公式使用标准通用的latex格式,数学公式以美元符号包裹，$或$$与公式内容之间不允许有任何空格,\n")
    b.WriteString("    \"知识点\": \"\"  // 严格遵守以下规定设计数学公式使用标准通用的latex格式,数学公式以美元符号包裹，$或$$与公式内容之间不允许有任何空格,\n")
    b.WriteString("    \"过程\": \"\"  // 严格遵守以下规定设计数学公式使用标准通用的latex格式,数学公式以美元符号包裹，$或$$与公式内容之间不允许有任何空格\n")
    b.WriteString("  }\n")
    b.WriteString("]\n")
    b.WriteString("```\n")
 b.WriteString("特别提醒：本题可能涉及 extra_hint，请根据步骤合理提取对应知识点。\n")] [b.WriteString("你是一个擅长拆分解题步骤的数学老师\n") if (in.Question=="") {     b.WriteString("当前任务是将解题步骤进行合理拆分\n") } else {     b.WriteString("当前任务是将解题步骤进行合理拆分2\n") }]}
2025/08/08 17:17:55 test.go:68: 执行 go build 失败: exit status 1
2025/08/08 17:18:23 test.go:57: 生成的 Prompt:
 &{[b.WriteString("请根据以下输入题目及其解答内容，将完整的解答过程拆分为多个“短链”，每个“短链”包含以下三个要素：\n") if (in.Question!="") {     b.WriteString("你好\n") } else {     b.WriteString("siuehfebn\n") } b.WriteString("条件，知识点，结果\n") b.WriteString("题目：\n") b.WriteString(in.Question) b.WriteString("过程：\n") for i := range in.Process {     b.WriteString(in.Process[i]) } switch in.Process[0] { case "a":     b.WriteString("你好\n") case "b":     b.WriteString("你好2\n") default:     b.WriteString("你好3\n") } b.WriteString("请将输出内容严格按照以下格式返回：\n")     b.WriteString("```json\n")
    b.WriteString("[\n")
    b.WriteString("  {\n")
    b.WriteString("  }\n")
    b.WriteString("]\n")
    b.WriteString("```\n")
 b.WriteString("特别提醒：本题可能涉及 extra_hint，请根据步骤合理提取对应知识点。\n")] [b.WriteString("你是一个擅长拆分解题步骤的数学老师\n") if (in.Question=="") {     b.WriteString("当前任务是将解题步骤进行合理拆分\n") } else {     b.WriteString("当前任务是将解题步骤进行合理拆分2\n") }]}
2025/08/08 17:18:23 test.go:35: 开始处理文件： SplitSolutionSteps.pdsl
2025/08/08 17:18:23 test.go:57: 生成的 Prompt:
 &{[b.WriteString("请根据以下输入题目及其解答内容，将完整的解答过程拆分为多个“短链”，每个“短链”包含以下三个要素：\n") if (in.Question!="") {     b.WriteString("你好\n") } else {     b.WriteString("siuehfebn\n") } b.WriteString("条件，知识点，结果\n") b.WriteString("题目：\n") b.WriteString(in.Question) b.WriteString("过程：\n") for i := range in.Process {     b.WriteString(in.Process[i]) } switch in.Process[0] { case "a":     b.WriteString("你好\n") case "b":     b.WriteString("你好2\n") default:     b.WriteString("你好3\n") } b.WriteString("请将输出内容严格按照以下格式返回：\n")     b.WriteString("```json\n")
    b.WriteString("[\n")
    b.WriteString("  {\n")
    b.WriteString("    \"条件\": [\"\"]  // 严格遵守以下规定设计数学公式使用标准通用的latex格式,数学公式以美元符号包裹，$或$$与公式内容之间不允许有任何空格,\n")
    b.WriteString("    \"知识点\": \"\"  // 严格遵守以下规定设计数学公式使用标准通用的latex格式,数学公式以美元符号包裹，$或$$与公式内容之间不允许有任何空格,\n")
    b.WriteString("    \"过程\": \"\"  // 严格遵守以下规定设计数学公式使用标准通用的latex格式,数学公式以美元符号包裹，$或$$与公式内容之间不允许有任何空格\n")
    b.WriteString("  }\n")
    b.WriteString("]\n")
    b.WriteString("```\n")
 b.WriteString("特别提醒：本题可能涉及 extra_hint，请根据步骤合理提取对应知识点。\n")] [b.WriteString("你是一个擅长拆分解题步骤的数学老师\n") if (in.Question=="") {     b.WriteString("当前任务是将解题步骤进行合理拆分\n") } else {     b.WriteString("当前任务是将解题步骤进行合理拆分2\n") }]}
2025/08/08 17:18:23 test.go:68: 执行 go build 失败: exit status 1
2025/08/08 17:36:22 test.go:57: 生成的 Prompt:
 &{[b.WriteString("请根据以下输入题目及其解答内容，将完整的解答过程拆分为多个“短链”，每个“短链”包含以下三个要素：\n") if (in.Question!="") {     b.WriteString("你好\n") } else {     b.WriteString("siuehfebn\n") } b.WriteString("条件，知识点，结果\n") b.WriteString("题目：\n") b.WriteString(in.Question) b.WriteString("过程：\n") for i := range in.Process {     b.WriteString(in.Process[i]) } switch in.Process[0] { case "a":     b.WriteString("你好\n") case "b":     b.WriteString("你好2\n") default:     b.WriteString("你好3\n") } b.WriteString("请将输出内容严格按照以下格式返回：\n")     b.WriteString("```json\n")
    b.WriteString("[\n")
    b.WriteString("  {\n")
    b.WriteString("  }\n")
    b.WriteString("]\n")
    b.WriteString("```\n")
 b.WriteString("特别提醒：本题可能涉及 extra_hint，请根据步骤合理提取对应知识点。\n")] [b.WriteString("你是一个擅长拆分解题步骤的数学老师\n") if (in.Question=="") {     b.WriteString("当前任务是将解题步骤进行合理拆分\n") } else {     b.WriteString("当前任务是将解题步骤进行合理拆分2\n") }]}
2025/08/08 17:36:22 test.go:35: 开始处理文件： SplitSolutionSteps.pdsl
2025/08/08 17:36:22 test.go:57: 生成的 Prompt:
 &{[b.WriteString("请根据以下输入题目及其解答内容，将完整的解答过程拆分为多个“短链”，每个“短链”包含以下三个要素：\n") if (in.Question!="") {     b.WriteString("你好\n") } else {     b.WriteString("siuehfebn\n") } b.WriteString("条件，知识点，结果\n") b.WriteString("题目：\n") b.WriteString(in.Question) b.WriteString("过程：\n") for i := range in.Process {     b.WriteString(in.Process[i]) } switch in.Process[0] { case "a":     b.WriteString("你好\n") case "b":     b.WriteString("你好2\n") default:     b.WriteString("你好3\n") } b.WriteString("请将输出内容严格按照以下格式返回：\n")     b.WriteString("```json\n")
    b.WriteString("[\n")
    b.WriteString("  {\n")
    b.WriteString("    \"条件\": [\"\"]  // 严格遵守以下规定设计数学公式使用标准通用的latex格式,数学公式以美元符号包裹，$或$$与公式内容之间不允许有任何空格,\n")
    b.WriteString("    \"知识点\": \"\"  // 严格遵守以下规定设计数学公式使用标准通用的latex格式,数学公式以美元符号包裹，$或$$与公式内容之间不允许有任何空格,\n")
    b.WriteString("    \"过程\": \"\"  // 严格遵守以下规定设计数学公式使用标准通用的latex格式,数学公式以美元符号包裹，$或$$与公式内容之间不允许有任何空格\n")
    b.WriteString("  }\n")
    b.WriteString("]\n")
    b.WriteString("```\n")
 b.WriteString("特别提醒：本题可能涉及 extra_hint，请根据步骤合理提取对应知识点。\n")] [b.WriteString("你是一个擅长拆分解题步骤的数学老师\n") if (in.Question=="") {     b.WriteString("当前任务是将解题步骤进行合理拆分\n") } else {     b.WriteString("当前任务是将解题步骤进行合理拆分2\n") }]}
2025/08/08 17:36:22 test.go:68: 执行 go build 失败: exit status 1
2025/08/08 17:38:50 test.go:57: 生成的 Prompt:
 &{[b.WriteString("请根据以下输入题目及其解答内容，将完整的解答过程拆分为多个“短链”，每个“短链”包含以下三个要素：\n") if (in.Question!="") {     b.WriteString("你好\n") } else {     b.WriteString("siuehfebn\n") } b.WriteString("条件，知识点，结果\n") b.WriteString("题目：\n") b.WriteString(in.Question) b.WriteString("过程：\n") for i := range in.Process {     b.WriteString(in.Process[i]) } switch in.Process[0] { case "a":     b.WriteString("你好\n") case "b":     b.WriteString("你好2\n") default:     b.WriteString("你好3\n") } b.WriteString("请将输出内容严格按照以下格式返回：\n")     b.WriteString("```json\n")
    b.WriteString("[\n")
    b.WriteString("  {\n")
    b.WriteString("  }\n")
    b.WriteString("]\n")
    b.WriteString("```\n")
 b.WriteString("特别提醒：本题可能涉及 extra_hint，请根据步骤合理提取对应知识点。\n")] [b.WriteString("你是一个擅长拆分解题步骤的数学老师\n") if (in.Question=="") {     b.WriteString("当前任务是将解题步骤进行合理拆分\n") } else {     b.WriteString("当前任务是将解题步骤进行合理拆分2\n") }]}
2025/08/08 17:38:50 test.go:35: 开始处理文件： MdSolutionSteps.pdsl
2025/08/08 17:39:57 test.go:57: 生成的 Prompt:
 &{[b.WriteString("请根据以下输入题目及其解答内容，将完整的解答过程拆分为多个“短链”，每个“短链”包含以下三个要素：\n") if (in.Question!="") {     b.WriteString("你好\n") } else {     b.WriteString("siuehfebn\n") } b.WriteString("条件，知识点，结果\n") b.WriteString("题目：\n") b.WriteString(in.Question) b.WriteString("过程：\n") for i := range in.Process {     b.WriteString(in.Process[i]) } switch in.Process[0] { case "a":     b.WriteString("你好\n") case "b":     b.WriteString("你好2\n") default:     b.WriteString("你好3\n") } b.WriteString("请将输出内容严格按照以下格式返回：\n")     b.WriteString("```json\n")
    b.WriteString("[\n")
    b.WriteString("  {\n")
    b.WriteString("  }\n")
    b.WriteString("]\n")
    b.WriteString("```\n")
 b.WriteString("特别提醒：本题可能涉及 extra_hint，请根据步骤合理提取对应知识点。\n")] [b.WriteString("你是一个擅长拆分解题步骤的数学老师\n") if (in.Question=="") {     b.WriteString("当前任务是将解题步骤进行合理拆分\n") } else {     b.WriteString("当前任务是将解题步骤进行合理拆分2\n") }]}
2025/08/08 17:39:57 test.go:35: 开始处理文件： MdSolutionSteps.pdsl
2025/08/08 17:56:41 test.go:57: 生成的 Prompt:
 &{[b.WriteString("请根据以下输入题目及其解答内容，将完整的解答过程拆分为多个“短链”，每个“短链”包含以下三个要素：\n") if (in.Question!="") {     b.WriteString("你好\n") } else {     b.WriteString("siuehfebn\n") } b.WriteString("条件，知识点，结果\n") b.WriteString("题目：\n") b.WriteString(in.Question) b.WriteString("过程：\n") for i := range in.Process {     b.WriteString(in.Process[i]) } switch in.Process[0] { case "a":     b.WriteString("你好\n") case "b":     b.WriteString("你好2\n") default:     b.WriteString("你好3\n") } b.WriteString("请将输出内容严格按照以下格式返回：\n")     b.WriteString("```json\n")
    b.WriteString("[\n")
    b.WriteString("  {\n")
    b.WriteString("  }\n")
    b.WriteString("]\n")
    b.WriteString("```\n")
 b.WriteString("特别提醒：本题可能涉及 extra_hint，请根据步骤合理提取对应知识点。\n")] [b.WriteString("你是一个擅长拆分解题步骤的数学老师\n") if (in.Question=="") {     b.WriteString("当前任务是将解题步骤进行合理拆分\n") } else {     b.WriteString("当前任务是将解题步骤进行合理拆分2\n") }]}
2025/08/08 17:56:41 test.go:35: 开始处理文件： SplitSolutionSteps.pdsl
2025/08/08 17:56:41 test.go:57: 生成的 Prompt:
 &{[b.WriteString("请根据以下输入题目及其解答内容，将完整的解答过程拆分为多个“短链”，每个“短链”包含以下三个要素：\n") if (in.Question!="") {     b.WriteString("你好\n") } else {     b.WriteString("siuehfebn\n") } b.WriteString("条件，知识点，结果\n") b.WriteString("题目：\n") b.WriteString(in.Question) b.WriteString("过程：\n") for i := range in.Process {     b.WriteString(in.Process[i]) } switch in.Process[0] { case "a":     b.WriteString("你好\n") case "b":     b.WriteString("你好2\n") default:     b.WriteString("你好3\n") } b.WriteString("请将输出内容严格按照以下格式返回：\n")     b.WriteString("```json\n")
    b.WriteString("[\n")
    b.WriteString("  {\n")
    b.WriteString("    \"条件\": [\"\"]  // 严格遵守以下规定设计数学公式使用标准通用的latex格式,数学公式以美元符号包裹，$或$$与公式内容之间不允许有任何空格,\n")
    b.WriteString("    \"知识点\": \"\"  // 严格遵守以下规定设计数学公式使用标准通用的latex格式,数学公式以美元符号包裹，$或$$与公式内容之间不允许有任何空格,\n")
    b.WriteString("    \"过程\": \"\"  // 严格遵守以下规定设计数学公式使用标准通用的latex格式,数学公式以美元符号包裹，$或$$与公式内容之间不允许有任何空格\n")
    b.WriteString("  }\n")
    b.WriteString("]\n")
    b.WriteString("```\n")
 b.WriteString("特别提醒：本题可能涉及 extra_hint，请根据步骤合理提取对应知识点。\n")] [b.WriteString("你是一个擅长拆分解题步骤的数学老师\n") if (in.Question=="") {     b.WriteString("当前任务是将解题步骤进行合理拆分\n") } else {     b.WriteString("当前任务是将解题步骤进行合理拆分2\n") }]}
2025/08/08 17:56:41 test.go:68: 执行 go build 失败: exit status 1
2025/08/08 18:06:52 test.go:57: 生成的 Prompt:
 &{[b.WriteString("请根据以下输入题目及其解答内容，将完整的解答过程拆分为多个“短链”，每个“短链”包含以下三个要素：\n") if (in.Question!="") {     b.WriteString("你好\n") } else {     b.WriteString("siuehfebn\n") } b.WriteString("条件，知识点，结果\n") b.WriteString("题目：\n") b.WriteString(in.Question) b.WriteString("过程：\n") for i := range in.Process {     b.WriteString(in.Process[i]) } switch in.Process[0] { case "a":     b.WriteString("你好\n") case "b":     b.WriteString("你好2\n") default:     b.WriteString("你好3\n") } b.WriteString("请将输出内容严格按照以下格式返回：\n")     b.WriteString("```json\n")
    b.WriteString("[\n")
    b.WriteString("  {\n")
    b.WriteString("  }\n")
    b.WriteString("]\n")
    b.WriteString("```\n")
 b.WriteString("特别提醒：本题可能涉及 extra_hint，请根据步骤合理提取对应知识点。\n")] [b.WriteString("你是一个擅长拆分解题步骤的数学老师\n") if (in.Question=="") {     b.WriteString("当前任务是将解题步骤进行合理拆分\n") } else {     b.WriteString("当前任务是将解题步骤进行合理拆分2\n") }]}
2025/08/08 18:06:52 test.go:35: 开始处理文件： SplitSolutionSteps.pdsl
2025/08/08 18:06:52 test.go:57: 生成的 Prompt:
 &{[b.WriteString("请根据以下输入题目及其解答内容，将完整的解答过程拆分为多个“短链”，每个“短链”包含以下三个要素：\n") if (in.test>=5) {     b.WriteString("你好\n") } else {     b.WriteString("siuehfebn\n") } b.WriteString("条件，知识点，结果\n") b.WriteString("题目：\n") b.WriteString(in.Question) b.WriteString("过程：\n") for i := range in.Process {     b.WriteString(in.Process[i]) } switch in.Process[0] { case "a":     b.WriteString("你好\n") case "b":     b.WriteString("你好2\n") default:     b.WriteString("你好3\n") } b.WriteString("请将输出内容严格按照以下格式返回：\n")     b.WriteString("```json\n")
    b.WriteString("[\n")
    b.WriteString("  {\n")
    b.WriteString("    \"条件\": [\"\"]  // 严格遵守以下规定设计数学公式使用标准通用的latex格式,数学公式以美元符号包裹，$或$$与公式内容之间不允许有任何空格,\n")
    b.WriteString("    \"知识点\": \"\"  // 严格遵守以下规定设计数学公式使用标准通用的latex格式,数学公式以美元符号包裹，$或$$与公式内容之间不允许有任何空格,\n")
    b.WriteString("    \"过程\": \"\"  // 严格遵守以下规定设计数学公式使用标准通用的latex格式,数学公式以美元符号包裹，$或$$与公式内容之间不允许有任何空格\n")
    b.WriteString("  }\n")
    b.WriteString("]\n")
    b.WriteString("```\n")
 b.WriteString("特别提醒：本题可能涉及 extra_hint，请根据步骤合理提取对应知识点。\n")] [b.WriteString("你是一个擅长拆分解题步骤的数学老师\n") if (in.Question=="") {     b.WriteString("当前任务是将解题步骤进行合理拆分\n") } else {     b.WriteString("当前任务是将解题步骤进行合理拆分2\n") }]}
2025/08/08 18:06:52 test.go:68: 执行 go build 失败: exit status 1
2025/08/08 18:13:08 test.go:57: 生成的 Prompt:
 &{[b.WriteString("请根据以下输入题目及其解答内容，将完整的解答过程拆分为多个“短链”，每个“短链”包含以下三个要素：\n") if (in.Question!="") {     b.WriteString("你好\n") } else {     b.WriteString("siuehfebn\n")     b.WriteString(in.test) } b.WriteString("条件，知识点，结果\n") b.WriteString("题目：\n") b.WriteString(in.Question) b.WriteString("过程：\n") for i := range in.Process {     b.WriteString(in.Process[i]) } switch in.Process[0] { case "a":     b.WriteString("你好\n") case "b":     b.WriteString("你好2\n") default:     b.WriteString("你好3\n") } b.WriteString("请将输出内容严格按照以下格式返回：\n")     b.WriteString("```json\n")
    b.WriteString("[\n")
    b.WriteString("  {\n")
    b.WriteString("  }\n")
    b.WriteString("]\n")
    b.WriteString("```\n")
 b.WriteString("特别提醒：本题可能涉及 extra_hint，请根据步骤合理提取对应知识点。\n")] [b.WriteString("你是一个擅长拆分解题步骤的数学老师\n") if (in.Question=="") {     b.WriteString("当前任务是将解题步骤进行合理拆分\n") } else {     b.WriteString("当前任务是将解题步骤进行合理拆分2\n") }]}
2025/08/08 18:13:08 test.go:35: 开始处理文件： SplitSolutionSteps.pdsl
2025/08/08 18:13:08 test.go:57: 生成的 Prompt:
 &{[b.WriteString("请根据以下输入题目及其解答内容，将完整的解答过程拆分为多个“短链”，每个“短链”包含以下三个要素：\n") if (in.test>=5) {     b.WriteString("你好\n") } else {     b.WriteString("siuehfebn\n") } b.WriteString("条件，知识点，结果\n") b.WriteString("题目：\n") b.WriteString(in.Question) b.WriteString("过程：\n") for i := range in.Process {     b.WriteString(in.Process[i]) } switch in.Process[0] { case "a":     b.WriteString("你好\n") case "b":     b.WriteString("你好2\n") default:     b.WriteString("你好3\n") } b.WriteString("请将输出内容严格按照以下格式返回：\n")     b.WriteString("```json\n")
    b.WriteString("[\n")
    b.WriteString("  {\n")
    b.WriteString("    \"条件\": [\"\"]  // 严格遵守以下规定设计数学公式使用标准通用的latex格式,数学公式以美元符号包裹，$或$$与公式内容之间不允许有任何空格,\n")
    b.WriteString("    \"知识点\": \"\"  // 严格遵守以下规定设计数学公式使用标准通用的latex格式,数学公式以美元符号包裹，$或$$与公式内容之间不允许有任何空格,\n")
    b.WriteString("    \"过程\": \"\"  // 严格遵守以下规定设计数学公式使用标准通用的latex格式,数学公式以美元符号包裹，$或$$与公式内容之间不允许有任何空格\n")
    b.WriteString("  }\n")
    b.WriteString("]\n")
    b.WriteString("```\n")
 b.WriteString("特别提醒：本题可能涉及 extra_hint，请根据步骤合理提取对应知识点。\n")] [b.WriteString("你是一个擅长拆分解题步骤的数学老师\n") if (in.Question=="") {     b.WriteString("当前任务是将解题步骤进行合理拆分\n") } else {     b.WriteString("当前任务是将解题步骤进行合理拆分2\n") }]}
2025/08/08 18:13:08 test.go:68: 执行 go build 失败: exit status 1
2025/08/08 18:14:17 test.go:57: 生成的 Prompt:
 &{[b.WriteString("请根据以下输入题目及其解答内容，将完整的解答过程拆分为多个“短链”，每个“短链”包含以下三个要素：\n") if (in.Question!="") {     b.WriteString("你好\n") } else {     b.WriteString("siuehfebn\n") } b.WriteString("条件，知识点，结果\n") b.WriteString("题目：\n") b.WriteString(in.Question) b.WriteString("过程：\n") for i := range in.Process {     b.WriteString(in.Process[i]) } switch in.Process[0] { case "a":     b.WriteString("你好\n") case "b":     b.WriteString("你好2\n") default:     b.WriteString("你好3\n") } b.WriteString("请将输出内容严格按照以下格式返回：\n")     b.WriteString("```json\n")
    b.WriteString("[\n")
    b.WriteString("  {\n")
    b.WriteString("  }\n")
    b.WriteString("]\n")
    b.WriteString("```\n")
 b.WriteString("特别提醒：本题可能涉及 extra_hint，请根据步骤合理提取对应知识点。\n")] [b.WriteString("你是一个擅长拆分解题步骤的数学老师\n") if (in.Question=="") {     b.WriteString("当前任务是将解题步骤进行合理拆分\n") } else {     b.WriteString("当前任务是将解题步骤进行合理拆分2\n") }]}
2025/08/08 18:14:17 test.go:35: 开始处理文件： SplitSolutionSteps.pdsl
2025/08/08 18:14:17 test.go:57: 生成的 Prompt:
 &{[b.WriteString("请根据以下输入题目及其解答内容，将完整的解答过程拆分为多个“短链”，每个“短链”包含以下三个要素：\n") if (in.test>=5) {     b.WriteString("你好\n") } else {     b.WriteString("siuehfebn\n")     b.WriteString(in.test) } b.WriteString("条件，知识点，结果\n") b.WriteString("题目：\n") b.WriteString(in.Question) b.WriteString("过程：\n") for i := range in.Process {     b.WriteString(in.Process[i]) } switch in.Process[0] { case "a":     b.WriteString("你好\n") case "b":     b.WriteString("你好2\n") default:     b.WriteString("你好3\n") } b.WriteString("请将输出内容严格按照以下格式返回：\n")     b.WriteString("```json\n")
    b.WriteString("[\n")
    b.WriteString("  {\n")
    b.WriteString("    \"条件\": [\"\"]  // 严格遵守以下规定设计数学公式使用标准通用的latex格式,数学公式以美元符号包裹，$或$$与公式内容之间不允许有任何空格,\n")
    b.WriteString("    \"知识点\": \"\"  // 严格遵守以下规定设计数学公式使用标准通用的latex格式,数学公式以美元符号包裹，$或$$与公式内容之间不允许有任何空格,\n")
    b.WriteString("    \"过程\": \"\"  // 严格遵守以下规定设计数学公式使用标准通用的latex格式,数学公式以美元符号包裹，$或$$与公式内容之间不允许有任何空格\n")
    b.WriteString("  }\n")
    b.WriteString("]\n")
    b.WriteString("```\n")
 b.WriteString("特别提醒：本题可能涉及 extra_hint，请根据步骤合理提取对应知识点。\n")] [b.WriteString("你是一个擅长拆分解题步骤的数学老师\n") if (in.Question=="") {     b.WriteString("当前任务是将解题步骤进行合理拆分\n") } else {     b.WriteString("当前任务是将解题步骤进行合理拆分2\n") }]}
2025/08/08 18:14:17 test.go:68: 执行 go build 失败: exit status 1
2025/08/08 18:14:54 test.go:57: 生成的 Prompt:
 &{[b.WriteString("请根据以下输入题目及其解答内容，将完整的解答过程拆分为多个“短链”，每个“短链”包含以下三个要素：\n") if (in.Question!="") {     b.WriteString("你好\n") } else {     b.WriteString("siuehfebn\n") } b.WriteString("条件，知识点，结果\n") b.WriteString("题目：\n") b.WriteString(in.Question) b.WriteString("过程：\n") for i := range in.Process {     b.WriteString(in.Process[i]) } switch in.Process[0] { case "a":     b.WriteString("你好\n") case "b":     b.WriteString("你好2\n") default:     b.WriteString("你好3\n") } b.WriteString("请将输出内容严格按照以下格式返回：\n")     b.WriteString("```json\n")
    b.WriteString("[\n")
    b.WriteString("  {\n")
    b.WriteString("  }\n")
    b.WriteString("]\n")
    b.WriteString("```\n")
 b.WriteString("特别提醒：本题可能涉及 extra_hint，请根据步骤合理提取对应知识点。\n")] [b.WriteString("你是一个擅长拆分解题步骤的数学老师\n") if (in.Question=="") {     b.WriteString("当前任务是将解题步骤进行合理拆分\n") } else {     b.WriteString("当前任务是将解题步骤进行合理拆分2\n") }]}
2025/08/08 18:14:54 test.go:35: 开始处理文件： SplitSolutionSteps.pdsl
2025/08/08 18:14:54 test.go:57: 生成的 Prompt:
 &{[b.WriteString("请根据以下输入题目及其解答内容，将完整的解答过程拆分为多个“短链”，每个“短链”包含以下三个要素：\n") if (in.Test>=5) {     b.WriteString("你好\n") } else {     b.WriteString("siuehfebn\n")     b.WriteString(in.Test) } b.WriteString("条件，知识点，结果\n") b.WriteString("题目：\n") b.WriteString(in.Question) b.WriteString("过程：\n") for i := range in.Process {     b.WriteString(in.Process[i]) } switch in.Process[0] { case "a":     b.WriteString("你好\n") case "b":     b.WriteString("你好2\n") default:     b.WriteString("你好3\n") } b.WriteString("请将输出内容严格按照以下格式返回：\n")     b.WriteString("```json\n")
    b.WriteString("[\n")
    b.WriteString("  {\n")
    b.WriteString("    \"条件\": [\"\"]  // 严格遵守以下规定设计数学公式使用标准通用的latex格式,数学公式以美元符号包裹，$或$$与公式内容之间不允许有任何空格,\n")
    b.WriteString("    \"知识点\": \"\"  // 严格遵守以下规定设计数学公式使用标准通用的latex格式,数学公式以美元符号包裹，$或$$与公式内容之间不允许有任何空格,\n")
    b.WriteString("    \"过程\": \"\"  // 严格遵守以下规定设计数学公式使用标准通用的latex格式,数学公式以美元符号包裹，$或$$与公式内容之间不允许有任何空格\n")
    b.WriteString("  }\n")
    b.WriteString("]\n")
    b.WriteString("```\n")
 b.WriteString("特别提醒：本题可能涉及 extra_hint，请根据步骤合理提取对应知识点。\n")] [b.WriteString("你是一个擅长拆分解题步骤的数学老师\n") if (in.Question=="") {     b.WriteString("当前任务是将解题步骤进行合理拆分\n") } else {     b.WriteString("当前任务是将解题步骤进行合理拆分2\n") }]}
2025/08/08 18:14:54 test.go:68: 执行 go build 失败: exit status 1
2025/08/08 18:15:45 test.go:57: 生成的 Prompt:
 &{[b.WriteString("请根据以下输入题目及其解答内容，将完整的解答过程拆分为多个“短链”，每个“短链”包含以下三个要素：\n") if (in.Question!="") {     b.WriteString("你好\n") } else {     b.WriteString("siuehfebn\n") } b.WriteString("条件，知识点，结果\n") b.WriteString("题目：\n") b.WriteString(in.Question) b.WriteString("过程：\n") for i := range in.Process {     b.WriteString(in.Process[i]) } switch in.Process[0] { case "a":     b.WriteString("你好\n") case "b":     b.WriteString("你好2\n") default:     b.WriteString("你好3\n") } b.WriteString("请将输出内容严格按照以下格式返回：\n")     b.WriteString("```json\n")
    b.WriteString("[\n")
    b.WriteString("  {\n")
    b.WriteString("  }\n")
    b.WriteString("]\n")
    b.WriteString("```\n")
 b.WriteString("特别提醒：本题可能涉及 extra_hint，请根据步骤合理提取对应知识点。\n")] [b.WriteString("你是一个擅长拆分解题步骤的数学老师\n") if (in.Question=="") {     b.WriteString("当前任务是将解题步骤进行合理拆分\n") } else {     b.WriteString("当前任务是将解题步骤进行合理拆分2\n") }]}
2025/08/08 18:15:45 test.go:35: 开始处理文件： SplitSolutionSteps.pdsl
2025/08/08 18:15:45 test.go:57: 生成的 Prompt:
 &{[b.WriteString("请根据以下输入题目及其解答内容，将完整的解答过程拆分为多个“短链”，每个“短链”包含以下三个要素：\n") if (in.Test>=5) {     b.WriteString("你好\n") } else {     b.WriteString("siuehfebn\n")     b.WriteString(in.Test) } b.WriteString("条件，知识点，结果\n") b.WriteString("题目：\n") b.WriteString(in.Question) b.WriteString("过程：\n") for i := range in.Process {     b.WriteString(in.Process[i]) } switch in.Process[0] { case "a":     b.WriteString("你好\n") case "b":     b.WriteString("你好2\n") default:     b.WriteString("你好3\n") } b.WriteString("请将输出内容严格按照以下格式返回：\n")     b.WriteString("```json\n")
    b.WriteString("[\n")
    b.WriteString("  {\n")
    b.WriteString("    \"条件\": [\"\"]  // 严格遵守以下规定设计数学公式使用标准通用的latex格式,数学公式以美元符号包裹，$或$$与公式内容之间不允许有任何空格,\n")
    b.WriteString("    \"知识点\": \"\"  // 严格遵守以下规定设计数学公式使用标准通用的latex格式,数学公式以美元符号包裹，$或$$与公式内容之间不允许有任何空格,\n")
    b.WriteString("    \"过程\": \"\"  // 严格遵守以下规定设计数学公式使用标准通用的latex格式,数学公式以美元符号包裹，$或$$与公式内容之间不允许有任何空格\n")
    b.WriteString("  }\n")
    b.WriteString("]\n")
    b.WriteString("```\n")
 b.WriteString("特别提醒：本题可能涉及 extra_hint，请根据步骤合理提取对应知识点。\n")] [b.WriteString("你是一个擅长拆分解题步骤的数学老师\n") if (in.Question=="") {     b.WriteString("当前任务是将解题步骤进行合理拆分\n") } else {     b.WriteString("当前任务是将解题步骤进行合理拆分2\n") }]}
2025/08/08 18:15:45 test.go:68: 执行 go build 失败: exit status 1
2025/08/08 18:17:16 test.go:57: 生成的 Prompt:
 &{[b.WriteString("请根据以下输入题目及其解答内容，将完整的解答过程拆分为多个“短链”，每个“短链”包含以下三个要素：\n") if (in.Question!="") {     b.WriteString("你好\n") } else {     b.WriteString("siuehfebn\n") } b.WriteString("条件，知识点，结果\n") b.WriteString("题目：\n") b.WriteString(in.Question) b.WriteString("过程：\n") for i := range in.Process {     b.WriteString(in.Process[i]) } switch in.Process[0] { case "a":     b.WriteString("你好\n") case "b":     b.WriteString("你好2\n") default:     b.WriteString("你好3\n") } b.WriteString("请将输出内容严格按照以下格式返回：\n")     b.WriteString("```json\n")
    b.WriteString("[\n")
    b.WriteString("  {\n")
    b.WriteString("  }\n")
    b.WriteString("]\n")
    b.WriteString("```\n")
 b.WriteString("特别提醒：本题可能涉及 extra_hint，请根据步骤合理提取对应知识点。\n")] [b.WriteString("你是一个擅长拆分解题步骤的数学老师\n") if (in.Question=="") {     b.WriteString("当前任务是将解题步骤进行合理拆分\n") } else {     b.WriteString("当前任务是将解题步骤进行合理拆分2\n") }]}
2025/08/08 18:17:16 test.go:35: 开始处理文件： SplitSolutionSteps.pdsl
2025/08/08 18:17:16 test.go:57: 生成的 Prompt:
 &{[b.WriteString("请根据以下输入题目及其解答内容，将完整的解答过程拆分为多个“短链”，每个“短链”包含以下三个要素：\n") if (in.Test>=5) {     b.WriteString("你好\n") } else {     b.WriteString("siuehfebn\n") } b.WriteString("条件，知识点，结果\n") b.WriteString("题目：\n") b.WriteString(in.Question) b.WriteString("过程：\n") for i := range in.Process {     b.WriteString(in.Process[i]) } switch in.Process[0] { case "a":     b.WriteString("你好\n") case "b":     b.WriteString("你好2\n") default:     b.WriteString("你好3\n") } b.WriteString("请将输出内容严格按照以下格式返回：\n")     b.WriteString("```json\n")
    b.WriteString("[\n")
    b.WriteString("  {\n")
    b.WriteString("    \"条件\": [\"\"]  // 严格遵守以下规定设计数学公式使用标准通用的latex格式,数学公式以美元符号包裹，$或$$与公式内容之间不允许有任何空格,\n")
    b.WriteString("    \"知识点\": \"\"  // 严格遵守以下规定设计数学公式使用标准通用的latex格式,数学公式以美元符号包裹，$或$$与公式内容之间不允许有任何空格,\n")
    b.WriteString("    \"过程\": \"\"  // 严格遵守以下规定设计数学公式使用标准通用的latex格式,数学公式以美元符号包裹，$或$$与公式内容之间不允许有任何空格\n")
    b.WriteString("  }\n")
    b.WriteString("]\n")
    b.WriteString("```\n")
 b.WriteString("特别提醒：本题可能涉及 extra_hint，请根据步骤合理提取对应知识点。\n")] [b.WriteString("你是一个擅长拆分解题步骤的数学老师\n") if (in.Question=="") {     b.WriteString("当前任务是将解题步骤进行合理拆分\n") } else {     b.WriteString("当前任务是将解题步骤进行合理拆分2\n") }]}
2025/08/08 18:17:16 test.go:68: 执行 go build 失败: exit status 1
2025/08/08 18:31:37 test.go:57: 生成的 Prompt:
 &{[b.WriteString("请根据以下输入题目及其解答内容，将完整的解答过程拆分为多个“短链”，每个“短链”包含以下三个要素：\n") if (in.Question!="") {     b.WriteString("你好\n") } else {     b.WriteString("siuehfebn\n") } b.WriteString("条件，知识点，结果\n") b.WriteString("题目：\n") b.WriteString(in.Question) b.WriteString("过程：\n") for i := range in.Process {     b.WriteString(in.Process[i]) } switch in.Process[0] { case "a":     b.WriteString("你好\n") case "b":     b.WriteString("你好2\n") default:     b.WriteString("你好3\n") } b.WriteString("请将输出内容严格按照以下格式返回：\n")     b.WriteString("```json\n")
    b.WriteString("[\n")
    b.WriteString("  {\n")
    b.WriteString("  }\n")
    b.WriteString("]\n")
    b.WriteString("```\n")
 b.WriteString("特别提醒：本题可能涉及 extra_hint，请根据步骤合理提取对应知识点。\n")] [b.WriteString("你是一个擅长拆分解题步骤的数学老师\n") if (in.Question=="") {     b.WriteString("当前任务是将解题步骤进行合理拆分\n") } else {     b.WriteString("当前任务是将解题步骤进行合理拆分2\n") }]}
2025/08/08 18:31:37 test.go:35: 开始处理文件： SplitSolutionSteps.pdsl
2025/08/08 18:31:37 test.go:57: 生成的 Prompt:
 &{[b.WriteString("请根据以下输入题目及其解答内容，将完整的解答过程拆分为多个“短链”，每个“短链”包含以下三个要素：\n") if (in.Test>=5) {     b.WriteString("你好\n") } else {     b.WriteString("siuehfebn\n") } b.WriteString("条件，知识点，结果\n") b.WriteString("题目：\n") b.WriteString(in.Question) b.WriteString("过程：\n") for i := range in.Process {     b.WriteString(in.Process[i]) } switch in.Process[0] { case "a":     b.WriteString("你好\n") case "b":     b.WriteString("你好2\n") default:     b.WriteString("你好3\n") } b.WriteString("请将输出内容严格按照以下格式返回：\n")     b.WriteString("```json\n")
    b.WriteString("[\n")
    b.WriteString("  {\n")
    b.WriteString("    \"条件\": [\"\"]  // 严格遵守以下规定设计数学公式使用标准通用的latex格式,数学公式以美元符号包裹，$或$$与公式内容之间不允许有任何空格,\n")
    b.WriteString("    \"知识点\": \"\"  // 严格遵守以下规定设计数学公式使用标准通用的latex格式,数学公式以美元符号包裹，$或$$与公式内容之间不允许有任何空格,\n")
    b.WriteString("    \"过程\": \"\"  // 严格遵守以下规定设计数学公式使用标准通用的latex格式,数学公式以美元符号包裹，$或$$与公式内容之间不允许有任何空格\n")
    b.WriteString("  }\n")
    b.WriteString("]\n")
    b.WriteString("```\n")
 b.WriteString("特别提醒：本题可能涉及 extra_hint，请根据步骤合理提取对应知识点。\n")] [b.WriteString("你是一个擅长拆分解题步骤的数学老师\n") if (in.Question=="") {     b.WriteString("当前任务是将解题步骤进行合理拆分\n") } else {     b.WriteString("当前任务是将解题步骤进行合理拆分2\n") }]}
2025/08/08 18:31:37 test.go:68: 执行 go build 失败: exit status 1
2025/08/11 10:14:03 test.go:57: 生成的 Prompt:
 &{[b.WriteString("请根据以下输入题目及其解答内容，将完整的解答过程拆分为多个“短链”，每个“短链”包含以下三个要素：\n") if (in.Question!="") {     b.WriteString("你好\n") } else {     b.WriteString("siuehfebn\n") } b.WriteString("条件，知识点，结果\n") b.WriteString("题目：\n") b.WriteString(in.Question) b.WriteString("过程：\n") for i := range in.Process {     b.WriteString(in.Process[i]) } switch in.Process[0] { case "a":     b.WriteString("你好\n") case "b":     b.WriteString("你好2\n") default:     b.WriteString("你好3\n") } b.WriteString("请将输出内容严格按照以下格式返回：\n")     b.WriteString("```json\n")
    b.WriteString("[\n")
    b.WriteString("  {\n")
    b.WriteString("  }\n")
    b.WriteString("]\n")
    b.WriteString("```\n")
 b.WriteString("特别提醒：本题可能涉及 extra_hint，请根据步骤合理提取对应知识点。\n")] [b.WriteString("你是一个擅长拆分解题步骤的数学老师\n") if (in.Question=="") {     b.WriteString("当前任务是将解题步骤进行合理拆分\n") } else {     b.WriteString("当前任务是将解题步骤进行合理拆分2\n") }]}
2025/08/11 10:14:03 test.go:35: 开始处理文件： SplitSolutionSteps.pdsl
2025/08/11 10:14:03 test.go:57: 生成的 Prompt:
 &{[b.WriteString("请根据以下输入题目及其解答内容，将完整的解答过程拆分为多个“短链”，每个“短链”包含以下三个要素：\n") if (in.Test>=5) {     b.WriteString("你好\n") } else {     b.WriteString("siuehfebn\n") } b.WriteString("条件，知识点，结果\n") b.WriteString("题目：\n") b.WriteString(in.Question) b.WriteString("过程：\n") for i := range in.Process {     b.WriteString(in.Process[i]) } switch in.Process[0] { case "a":     b.WriteString("你好\n") case "b":     b.WriteString("你好2\n") default:     b.WriteString("你好3\n") } b.WriteString("请将输出内容严格按照以下格式返回：\n")     b.WriteString("```json\n")
    b.WriteString("[\n")
    b.WriteString("  {\n")
    b.WriteString("    \"条件\": [\"\"]  // 严格遵守以下规定设计数学公式使用标准通用的latex格式,数学公式以美元符号包裹，$或$$与公式内容之间不允许有任何空格,\n")
    b.WriteString("    \"知识点\": \"\"  // 严格遵守以下规定设计数学公式使用标准通用的latex格式,数学公式以美元符号包裹，$或$$与公式内容之间不允许有任何空格,\n")
    b.WriteString("    \"过程\": \"\"  // 严格遵守以下规定设计数学公式使用标准通用的latex格式,数学公式以美元符号包裹，$或$$与公式内容之间不允许有任何空格\n")
    b.WriteString("  }\n")
    b.WriteString("]\n")
    b.WriteString("```\n")
 b.WriteString("特别提醒：本题可能涉及 extra_hint，请根据步骤合理提取对应知识点。\n")] [b.WriteString("你是一个擅长拆分解题步骤的数学老师\n") if (in.Question=="") {     b.WriteString("当前任务是将解题步骤进行合理拆分\n") } else {     b.WriteString("当前任务是将解题步骤进行合理拆分2\n") }]}
2025/08/11 10:14:03 test.go:68: 执行 go build 失败: exit status 1
2025/08/11 10:14:35 test.go:57: 生成的 Prompt:
 &{[b.WriteString("请根据以下输入题目及其解答内容，将完整的解答过程拆分为多个“短链”，每个“短链”包含以下三个要素：\n") if (in.Question!="") {     b.WriteString("你好\n") } else {     b.WriteString("siuehfebn\n") } b.WriteString("条件，知识点，结果\n") b.WriteString("题目：\n") b.WriteString(in.Question) b.WriteString("过程：\n") for i := range in.Process {     b.WriteString(in.Process[i]) } switch in.Process[0] { case "a":     b.WriteString("你好\n") case "b":     b.WriteString("你好2\n") default:     b.WriteString("你好3\n") } b.WriteString("请将输出内容严格按照以下格式返回：\n")     b.WriteString("```json\n")
    b.WriteString("[\n")
    b.WriteString("  {\n")
    b.WriteString("  }\n")
    b.WriteString("]\n")
    b.WriteString("```\n")
 b.WriteString("特别提醒：本题可能涉及 extra_hint，请根据步骤合理提取对应知识点。\n")] [b.WriteString("你是一个擅长拆分解题步骤的数学老师\n") if (in.Question=="") {     b.WriteString("当前任务是将解题步骤进行合理拆分\n") } else {     b.WriteString("当前任务是将解题步骤进行合理拆分2\n") }]}
2025/08/11 10:14:35 test.go:35: 开始处理文件： SplitSolutionSteps.pdsl
2025/08/11 10:14:35 test.go:57: 生成的 Prompt:
 &{[b.WriteString("请根据以下输入题目及其解答内容，将完整的解答过程拆分为多个“短链”，每个“短链”包含以下三个要素：\n") if (in.Test>=5) {     b.WriteString("你好\n") } else {     b.WriteString("siuehfebn\n") } b.WriteString("条件，知识点，结果\n") b.WriteString("题目：\n") b.WriteString(in.Question) b.WriteString("过程：\n") for i := range in.Process {     b.WriteString(in.Process[i]) } switch in.Process[0] { case "a":     b.WriteString("你好\n") case "b":     b.WriteString("你好2\n") default:     b.WriteString("你好3\n") } b.WriteString("请将输出内容严格按照以下格式返回：\n")     b.WriteString("```json\n")
    b.WriteString("[\n")
    b.WriteString("  {\n")
    b.WriteString("    \"条件\": [\"\"]  // 严格遵守以下规定设计数学公式使用标准通用的latex格式,数学公式以美元符号包裹，$或$$与公式内容之间不允许有任何空格,\n")
    b.WriteString("    \"知识点\": \"\"  // 严格遵守以下规定设计数学公式使用标准通用的latex格式,数学公式以美元符号包裹，$或$$与公式内容之间不允许有任何空格,\n")
    b.WriteString("    \"过程\": \"\"  // 严格遵守以下规定设计数学公式使用标准通用的latex格式,数学公式以美元符号包裹，$或$$与公式内容之间不允许有任何空格\n")
    b.WriteString("  }\n")
    b.WriteString("]\n")
    b.WriteString("```\n")
 b.WriteString("特别提醒：本题可能涉及 extra_hint，请根据步骤合理提取对应知识点。\n")] [b.WriteString("你是一个擅长拆分解题步骤的数学老师\n") if (in.Question=="") {     b.WriteString("当前任务是将解题步骤进行合理拆分\n") } else {     b.WriteString("当前任务是将解题步骤进行合理拆分2\n") }]}
2025/08/11 10:14:35 test.go:68: 执行 go build 失败: exit status 1
2025/08/11 10:15:29 test.go:57: 生成的 Prompt:
 &{[b.WriteString("请根据以下输入题目及其解答内容，将完整的解答过程拆分为多个“短链”，每个“短链”包含以下三个要素：\n") if (in.Question!="") {     b.WriteString("你好\n") } else {     b.WriteString("siuehfebn\n") } b.WriteString("条件，知识点，结果\n") b.WriteString("题目：\n") b.WriteString(in.Question) b.WriteString("过程：\n") for i := range in.Process {     b.WriteString(in.Process[i]) } switch in.Process[0] { case "a":     b.WriteString("你好\n") case "b":     b.WriteString("你好2\n") default:     b.WriteString("你好3\n") } b.WriteString("请将输出内容严格按照以下格式返回：\n")     b.WriteString("```json\n")
    b.WriteString("[\n")
    b.WriteString("  {\n")
    b.WriteString("  }\n")
    b.WriteString("]\n")
    b.WriteString("```\n")
 b.WriteString("特别提醒：本题可能涉及 extra_hint，请根据步骤合理提取对应知识点。\n")] [b.WriteString("你是一个擅长拆分解题步骤的数学老师\n") if (in.Question=="") {     b.WriteString("当前任务是将解题步骤进行合理拆分\n") } else {     b.WriteString("当前任务是将解题步骤进行合理拆分2\n") }]}
2025/08/11 10:15:29 test.go:35: 开始处理文件： SplitSolutionSteps.pdsl
2025/08/11 10:15:29 test.go:57: 生成的 Prompt:
 &{[b.WriteString("请根据以下输入题目及其解答内容，将完整的解答过程拆分为多个“短链”，每个“短链”包含以下三个要素：\n") if (in.Test>=5) {     b.WriteString("你好\n") } else {     b.WriteString("siuehfebn\n") } b.WriteString("条件，知识点，结果\n") b.WriteString("题目：\n") b.WriteString(in.Question) b.WriteString("过程：\n") for i := range in.Process {     b.WriteString(in.Process[i]) } switch in.Process[0] { case "a":     b.WriteString("你好\n") case "b":     b.WriteString("你好2\n") default:     b.WriteString("你好3\n") } b.WriteString("请将输出内容严格按照以下格式返回：\n")     b.WriteString("```json\n")
    b.WriteString("[\n")
    b.WriteString("  {\n")
    b.WriteString("    \"条件\": [\"\"]  // 严格遵守以下规定设计数学公式使用标准通用的latex格式,数学公式以美元符号包裹，$或$$与公式内容之间不允许有任何空格,\n")
    b.WriteString("    \"知识点\": \"\"  // 严格遵守以下规定设计数学公式使用标准通用的latex格式,数学公式以美元符号包裹，$或$$与公式内容之间不允许有任何空格,\n")
    b.WriteString("    \"过程\": \"\"  // 严格遵守以下规定设计数学公式使用标准通用的latex格式,数学公式以美元符号包裹，$或$$与公式内容之间不允许有任何空格\n")
    b.WriteString("  }\n")
    b.WriteString("]\n")
    b.WriteString("```\n")
 b.WriteString("特别提醒：本题可能涉及 extra_hint，请根据步骤合理提取对应知识点。\n")] [b.WriteString("你是一个擅长拆分解题步骤的数学老师\n") if (in.Question=="") {     b.WriteString("当前任务是将解题步骤进行合理拆分\n") } else {     b.WriteString("当前任务是将解题步骤进行合理拆分2\n") }]}
2025/08/11 10:15:29 test.go:68: 执行 go build 失败: exit status 1
2025/08/11 10:30:58 test.go:57: 生成的 Prompt:
 &{[b.WriteString("请根据以下输入题目及其解答内容，将完整的解答过程拆分为多个“短链”，每个“短链”包含以下三个要素：\n") if (in.Question!="") {     b.WriteString("你好\n") } else {     b.WriteString("siuehfebn\n") } b.WriteString("条件，知识点，结果\n") b.WriteString("题目：\n") b.WriteString(in.Question) b.WriteString("过程：\n") for i := range in.Process {     b.WriteString(in.Process[i]) } switch in.Process[0] { case "a":     b.WriteString("你好\n") case "b":     b.WriteString("你好2\n") default:     b.WriteString("你好3\n") } b.WriteString("请将输出内容严格按照以下格式返回：\n")     b.WriteString("```json\n")
    b.WriteString("[\n")
    b.WriteString("  {\n")
    b.WriteString("  }\n")
    b.WriteString("]\n")
    b.WriteString("```\n")
 b.WriteString("特别提醒：本题可能涉及 extra_hint，请根据步骤合理提取对应知识点。\n")] [b.WriteString("你是一个擅长拆分解题步骤的数学老师\n") if (in.Question=="") {     b.WriteString("当前任务是将解题步骤进行合理拆分\n") } else {     b.WriteString("当前任务是将解题步骤进行合理拆分2\n") }]}
2025/08/11 10:30:58 test.go:35: 开始处理文件： SplitSolutionSteps.pdsl
2025/08/11 10:30:58 test.go:57: 生成的 Prompt:
 &{[b.WriteString("请根据以下输入题目及其解答内容，将完整的解答过程拆分为多个“短链”，每个“短链”包含以下三个要素：\n") if (in.Test>=5) {     b.WriteString("你好\n") } else {     b.WriteString("siuehfebn\n") } b.WriteString("条件，知识点，结果\n") b.WriteString("题目：\n") b.WriteString(in.Question) b.WriteString("过程：\n") for i := range in.Process {     b.WriteString(in.Process[i]) } switch in.Process[0] { case "a":     b.WriteString("你好\n") case "b":     b.WriteString("你好2\n") default:     b.WriteString("你好3\n") } b.WriteString("请将输出内容严格按照以下格式返回：\n")     b.WriteString("```json\n")
    b.WriteString("[\n")
    b.WriteString("  {\n")
    b.WriteString("    \"条件\": [\"\"]  // 严格遵守以下规定设计数学公式使用标准通用的latex格式,数学公式以美元符号包裹，$或$$与公式内容之间不允许有任何空格,\n")
    b.WriteString("    \"知识点\": \"\"  // 严格遵守以下规定设计数学公式使用标准通用的latex格式,数学公式以美元符号包裹，$或$$与公式内容之间不允许有任何空格,\n")
    b.WriteString("    \"过程\": \"\"  // 严格遵守以下规定设计数学公式使用标准通用的latex格式,数学公式以美元符号包裹，$或$$与公式内容之间不允许有任何空格\n")
    b.WriteString("  }\n")
    b.WriteString("]\n")
    b.WriteString("```\n")
 b.WriteString("特别提醒：本题可能涉及 extra_hint，请根据步骤合理提取对应知识点。\n")] [b.WriteString("你是一个擅长拆分解题步骤的数学老师\n") if (in.Question=="") {     b.WriteString("当前任务是将解题步骤进行合理拆分\n") } else {     b.WriteString("当前任务是将解题步骤进行合理拆分2\n") }]}
2025/08/11 10:30:58 test.go:68: 执行 go build 失败: exit status 1
2025/08/11 10:31:17 test.go:57: 生成的 Prompt:
 &{[b.WriteString("请根据以下输入题目及其解答内容，将完整的解答过程拆分为多个“短链”，每个“短链”包含以下三个要素：\n") if (in.Question!="") {     b.WriteString("你好\n") } else {     b.WriteString("siuehfebn\n") } b.WriteString("条件，知识点，结果\n") b.WriteString("题目：\n") b.WriteString(in.Question) b.WriteString("过程：\n") for i := range in.Process {     b.WriteString(in.Process[i]) } switch in.Process[0] { case "a":     b.WriteString("你好\n") case "b":     b.WriteString("你好2\n") default:     b.WriteString("你好3\n") } b.WriteString("请将输出内容严格按照以下格式返回：\n")     b.WriteString("```json\n")
    b.WriteString("[\n")
    b.WriteString("  {\n")
    b.WriteString("  }\n")
    b.WriteString("]\n")
    b.WriteString("```\n")
 b.WriteString("特别提醒：本题可能涉及 extra_hint，请根据步骤合理提取对应知识点。\n")] [b.WriteString("你是一个擅长拆分解题步骤的数学老师\n") if (in.Question=="") {     b.WriteString("当前任务是将解题步骤进行合理拆分\n") } else {     b.WriteString("当前任务是将解题步骤进行合理拆分2\n") }]}
2025/08/11 10:31:17 test.go:35: 开始处理文件： SplitSolutionSteps.pdsl
2025/08/11 10:31:17 test.go:57: 生成的 Prompt:
 &{[b.WriteString("请根据以下输入题目及其解答内容，将完整的解答过程拆分为多个“短链”，每个“短链”包含以下三个要素：\n") if (in.Test>=5) {     b.WriteString("你好\n") } else {     b.WriteString("siuehfebn\n") } b.WriteString("条件，知识点，结果\n") b.WriteString("题目：\n") b.WriteString(in.Question) b.WriteString("过程：\n") for i := range in.Process {     b.WriteString(in.Process[i]) } switch in.Process[0] { case "a":     b.WriteString("你好\n") case "b":     b.WriteString("你好2\n") default:     b.WriteString("你好3\n") } b.WriteString("请将输出内容严格按照以下格式返回：\n")     b.WriteString("```json\n")
    b.WriteString("[\n")
    b.WriteString("  {\n")
    b.WriteString("    \"条件\": [\"\"]  // 严格遵守以下规定设计数学公式使用标准通用的latex格式,数学公式以美元符号包裹，$或$$与公式内容之间不允许有任何空格,\n")
    b.WriteString("    \"知识点\": \"\"  // 严格遵守以下规定设计数学公式使用标准通用的latex格式,数学公式以美元符号包裹，$或$$与公式内容之间不允许有任何空格,\n")
    b.WriteString("    \"过程\": \"\"  // 严格遵守以下规定设计数学公式使用标准通用的latex格式,数学公式以美元符号包裹，$或$$与公式内容之间不允许有任何空格\n")
    b.WriteString("  }\n")
    b.WriteString("]\n")
    b.WriteString("```\n")
 b.WriteString("特别提醒：本题可能涉及 extra_hint，请根据步骤合理提取对应知识点。\n")] [b.WriteString("你是一个擅长拆分解题步骤的数学老师\n") if (in.Question=="") {     b.WriteString("当前任务是将解题步骤进行合理拆分\n") } else {     b.WriteString("当前任务是将解题步骤进行合理拆分2\n") }]}
2025/08/11 10:31:17 test.go:68: 执行 go build 失败: exit status 1
